<?xml version="1.0" encoding="ISO-8859-1" ?>
<link_info>
   <banner>TI ARM Linker Unix v20.2.7.LTS</banner>
   <copyright>Copyright (c) 1996-2018 Texas Instruments Incorporated</copyright>
   <link_time>0x69ac3c4d</link_time>
   <link_errors>0x0</link_errors>
   <output_file>ShortStaysAccessControlSystem.out</output_file>
   <entry_point>
      <name>_c_int00_noargs</name>
      <address>0x62bd</address>
   </entry_point>
   <input_file_list>
      <input_file id="fl-2">
         <path>./</path>
         <kind>object</kind>
         <file>startup_msp432p401r_ccs.obj</file>
         <name>startup_msp432p401r_ccs.obj</name>
      </input_file>
      <input_file id="fl-3">
         <path>./</path>
         <kind>object</kind>
         <file>system_msp432p401r.obj</file>
         <name>system_msp432p401r.obj</name>
      </input_file>
      <input_file id="fl-4">
         <path>./src/</path>
         <kind>object</kind>
         <file>HAL_I2C.obj</file>
         <name>HAL_I2C.obj</name>
      </input_file>
      <input_file id="fl-5">
         <path>./src/</path>
         <kind>object</kind>
         <file>HAL_OPT3001.obj</file>
         <name>HAL_OPT3001.obj</name>
      </input_file>
      <input_file id="fl-6">
         <path>./src/</path>
         <kind>object</kind>
         <file>display.obj</file>
         <name>display.obj</name>
      </input_file>
      <input_file id="fl-7">
         <path>./src/</path>
         <kind>object</kind>
         <file>door_lock_system.obj</file>
         <name>door_lock_system.obj</name>
      </input_file>
      <input_file id="fl-8">
         <path>./src/</path>
         <kind>object</kind>
         <file>fsm.obj</file>
         <name>fsm.obj</name>
      </input_file>
      <input_file id="fl-9">
         <path>./src/</path>
         <kind>object</kind>
         <file>joystick.obj</file>
         <name>joystick.obj</name>
      </input_file>
      <input_file id="fl-a">
         <path>./src/</path>
         <kind>object</kind>
         <file>push_button.obj</file>
         <name>push_button.obj</name>
      </input_file>
      <input_file id="fl-b">
         <path>./src/LCD_src/</path>
         <kind>object</kind>
         <file>Crystalfontz128x128_ST7735.obj</file>
         <name>Crystalfontz128x128_ST7735.obj</name>
      </input_file>
      <input_file id="fl-c">
         <path>./src/LCD_src/</path>
         <kind>object</kind>
         <file>HAL_MSP_EXP432P401R_Crystalfontz128x128_ST7735.obj</file>
         <name>HAL_MSP_EXP432P401R_Crystalfontz128x128_ST7735.obj</name>
      </input_file>
      <input_file id="fl-12">
         <kind>object</kind>
         <file>&lt;internal&gt;</file>
         <name>&lt;internal&gt;</name>
      </input_file>
      <input_file id="fl-c8">
         <path>/Applications/ti/ccs1280/ccs/tools/compiler/ti-cgt-arm_20.2.7.LTS/lib/</path>
         <kind>archive</kind>
         <file>rtsv7M4_T_le_v4SPD16_eabi.lib</file>
         <name>printf.c.obj</name>
      </input_file>
      <input_file id="fl-c9">
         <path>/Applications/ti/ccs1280/ccs/tools/compiler/ti-cgt-arm_20.2.7.LTS/lib/</path>
         <kind>archive</kind>
         <file>rtsv7M4_T_le_v4SPD16_eabi.lib</file>
         <name>_printfi.c.obj</name>
      </input_file>
      <input_file id="fl-ca">
         <path>/Applications/ti/ccs1280/ccs/tools/compiler/ti-cgt-arm_20.2.7.LTS/lib/</path>
         <kind>archive</kind>
         <file>rtsv7M4_T_le_v4SPD16_eabi.lib</file>
         <name>sprintf.c.obj</name>
      </input_file>
      <input_file id="fl-cb">
         <path>/Applications/ti/ccs1280/ccs/tools/compiler/ti-cgt-arm_20.2.7.LTS/lib/</path>
         <kind>archive</kind>
         <file>rtsv7M4_T_le_v4SPD16_eabi.lib</file>
         <name>fputc.c.obj</name>
      </input_file>
      <input_file id="fl-cc">
         <path>/Applications/ti/ccs1280/ccs/tools/compiler/ti-cgt-arm_20.2.7.LTS/lib/</path>
         <kind>archive</kind>
         <file>rtsv7M4_T_le_v4SPD16_eabi.lib</file>
         <name>fputs.c.obj</name>
      </input_file>
      <input_file id="fl-cd">
         <path>/Applications/ti/ccs1280/ccs/tools/compiler/ti-cgt-arm_20.2.7.LTS/lib/</path>
         <kind>archive</kind>
         <file>rtsv7M4_T_le_v4SPD16_eabi.lib</file>
         <name>_io_perm.c.obj</name>
      </input_file>
      <input_file id="fl-ce">
         <path>/Applications/ti/ccs1280/ccs/tools/compiler/ti-cgt-arm_20.2.7.LTS/lib/</path>
         <kind>archive</kind>
         <file>rtsv7M4_T_le_v4SPD16_eabi.lib</file>
         <name>setvbuf.c.obj</name>
      </input_file>
      <input_file id="fl-cf">
         <path>/Applications/ti/ccs1280/ccs/tools/compiler/ti-cgt-arm_20.2.7.LTS/lib/</path>
         <kind>archive</kind>
         <file>rtsv7M4_T_le_v4SPD16_eabi.lib</file>
         <name>fd_add_t2.asm.obj</name>
      </input_file>
      <input_file id="fl-d0">
         <path>/Applications/ti/ccs1280/ccs/tools/compiler/ti-cgt-arm_20.2.7.LTS/lib/</path>
         <kind>archive</kind>
         <file>rtsv7M4_T_le_v4SPD16_eabi.lib</file>
         <name>fd_cmp_t2.asm.obj</name>
      </input_file>
      <input_file id="fl-d1">
         <path>/Applications/ti/ccs1280/ccs/tools/compiler/ti-cgt-arm_20.2.7.LTS/lib/</path>
         <kind>archive</kind>
         <file>rtsv7M4_T_le_v4SPD16_eabi.lib</file>
         <name>fd_div_t2.asm.obj</name>
      </input_file>
      <input_file id="fl-d2">
         <path>/Applications/ti/ccs1280/ccs/tools/compiler/ti-cgt-arm_20.2.7.LTS/lib/</path>
         <kind>archive</kind>
         <file>rtsv7M4_T_le_v4SPD16_eabi.lib</file>
         <name>fd_mul_t2.asm.obj</name>
      </input_file>
      <input_file id="fl-d3">
         <path>/Applications/ti/ccs1280/ccs/tools/compiler/ti-cgt-arm_20.2.7.LTS/lib/</path>
         <kind>archive</kind>
         <file>rtsv7M4_T_le_v4SPD16_eabi.lib</file>
         <name>fd_toi_t2.asm.obj</name>
      </input_file>
      <input_file id="fl-d4">
         <path>/Applications/ti/ccs1280/ccs/tools/compiler/ti-cgt-arm_20.2.7.LTS/lib/</path>
         <kind>archive</kind>
         <file>rtsv7M4_T_le_v4SPD16_eabi.lib</file>
         <name>i_tofd_t2.asm.obj</name>
      </input_file>
      <input_file id="fl-d5">
         <path>/Applications/ti/ccs1280/ccs/tools/compiler/ti-cgt-arm_20.2.7.LTS/lib/</path>
         <kind>archive</kind>
         <file>rtsv7M4_T_le_v4SPD16_eabi.lib</file>
         <name>memcpy_t2.asm.obj</name>
      </input_file>
      <input_file id="fl-d6">
         <path>/Applications/ti/ccs1280/ccs/tools/compiler/ti-cgt-arm_20.2.7.LTS/lib/</path>
         <kind>archive</kind>
         <file>rtsv7M4_T_le_v4SPD16_eabi.lib</file>
         <name>memset_t2.asm.obj</name>
      </input_file>
      <input_file id="fl-d7">
         <path>/Applications/ti/ccs1280/ccs/tools/compiler/ti-cgt-arm_20.2.7.LTS/lib/</path>
         <kind>archive</kind>
         <file>rtsv7M4_T_le_v4SPD16_eabi.lib</file>
         <name>ull_div_t2.asm.obj</name>
      </input_file>
      <input_file id="fl-d8">
         <path>/Applications/ti/ccs1280/ccs/tools/compiler/ti-cgt-arm_20.2.7.LTS/lib/</path>
         <kind>archive</kind>
         <file>rtsv7M4_T_le_v4SPD16_eabi.lib</file>
         <name>copy_zero_init.c.obj</name>
      </input_file>
      <input_file id="fl-d9">
         <path>/Applications/ti/ccs1280/ccs/tools/compiler/ti-cgt-arm_20.2.7.LTS/lib/</path>
         <kind>archive</kind>
         <file>rtsv7M4_T_le_v4SPD16_eabi.lib</file>
         <name>copy_decompress_none.c.obj</name>
      </input_file>
      <input_file id="fl-da">
         <path>/Applications/ti/ccs1280/ccs/tools/compiler/ti-cgt-arm_20.2.7.LTS/lib/</path>
         <kind>archive</kind>
         <file>rtsv7M4_T_le_v4SPD16_eabi.lib</file>
         <name>copy_decompress_lzss.c.obj</name>
      </input_file>
      <input_file id="fl-db">
         <path>/Applications/ti/ccs1280/ccs/tools/compiler/ti-cgt-arm_20.2.7.LTS/lib/</path>
         <kind>archive</kind>
         <file>rtsv7M4_T_le_v4SPD16_eabi.lib</file>
         <name>exit.c.obj</name>
      </input_file>
      <input_file id="fl-dc">
         <path>/Applications/ti/ccs1280/ccs/tools/compiler/ti-cgt-arm_20.2.7.LTS/lib/</path>
         <kind>archive</kind>
         <file>rtsv7M4_T_le_v4SPD16_eabi.lib</file>
         <name>_lock.c.obj</name>
      </input_file>
      <input_file id="fl-dd">
         <path>/Applications/ti/ccs1280/ccs/tools/compiler/ti-cgt-arm_20.2.7.LTS/lib/</path>
         <kind>archive</kind>
         <file>rtsv7M4_T_le_v4SPD16_eabi.lib</file>
         <name>_ltoa.c.obj</name>
      </input_file>
      <input_file id="fl-de">
         <path>/Applications/ti/ccs1280/ccs/tools/compiler/ti-cgt-arm_20.2.7.LTS/lib/</path>
         <kind>archive</kind>
         <file>rtsv7M4_T_le_v4SPD16_eabi.lib</file>
         <name>atoi.c.obj</name>
      </input_file>
      <input_file id="fl-df">
         <path>/Applications/ti/ccs1280/ccs/tools/compiler/ti-cgt-arm_20.2.7.LTS/lib/</path>
         <kind>archive</kind>
         <file>rtsv7M4_T_le_v4SPD16_eabi.lib</file>
         <name>ctype.c.obj</name>
      </input_file>
      <input_file id="fl-e0">
         <path>/Applications/ti/ccs1280/ccs/tools/compiler/ti-cgt-arm_20.2.7.LTS/lib/</path>
         <kind>archive</kind>
         <file>rtsv7M4_T_le_v4SPD16_eabi.lib</file>
         <name>defs.c.obj</name>
      </input_file>
      <input_file id="fl-e1">
         <path>/Applications/ti/ccs1280/ccs/tools/compiler/ti-cgt-arm_20.2.7.LTS/lib/</path>
         <kind>archive</kind>
         <file>rtsv7M4_T_le_v4SPD16_eabi.lib</file>
         <name>memccpy.c.obj</name>
      </input_file>
      <input_file id="fl-e2">
         <path>/Applications/ti/ccs1280/ccs/tools/compiler/ti-cgt-arm_20.2.7.LTS/lib/</path>
         <kind>archive</kind>
         <file>rtsv7M4_T_le_v4SPD16_eabi.lib</file>
         <name>memchr.c.obj</name>
      </input_file>
      <input_file id="fl-e3">
         <path>/Applications/ti/ccs1280/ccs/tools/compiler/ti-cgt-arm_20.2.7.LTS/lib/</path>
         <kind>archive</kind>
         <file>rtsv7M4_T_le_v4SPD16_eabi.lib</file>
         <name>memory.c.obj</name>
      </input_file>
      <input_file id="fl-e4">
         <path>/Applications/ti/ccs1280/ccs/tools/compiler/ti-cgt-arm_20.2.7.LTS/lib/</path>
         <kind>archive</kind>
         <file>rtsv7M4_T_le_v4SPD16_eabi.lib</file>
         <name>strchr.c.obj</name>
      </input_file>
      <input_file id="fl-e5">
         <path>/Applications/ti/ccs1280/ccs/tools/compiler/ti-cgt-arm_20.2.7.LTS/lib/</path>
         <kind>archive</kind>
         <file>rtsv7M4_T_le_v4SPD16_eabi.lib</file>
         <name>strlen.c.obj</name>
      </input_file>
      <input_file id="fl-e6">
         <path>/Applications/ti/ccs1280/ccs/tools/compiler/ti-cgt-arm_20.2.7.LTS/lib/</path>
         <kind>archive</kind>
         <file>rtsv7M4_T_le_v4SPD16_eabi.lib</file>
         <name>boot_cortex_m.c.obj</name>
      </input_file>
      <input_file id="fl-e7">
         <path>/Applications/ti/ccs1280/ccs/tools/compiler/ti-cgt-arm_20.2.7.LTS/lib/</path>
         <kind>archive</kind>
         <file>rtsv7M4_T_le_v4SPD16_eabi.lib</file>
         <name>write.c.obj</name>
      </input_file>
      <input_file id="fl-e8">
         <path>/Applications/ti/ccs1280/ccs/tools/compiler/ti-cgt-arm_20.2.7.LTS/lib/</path>
         <kind>archive</kind>
         <file>rtsv7M4_T_le_v4SPD16_eabi.lib</file>
         <name>host_device.c.obj</name>
      </input_file>
      <input_file id="fl-e9">
         <path>/Applications/ti/ccs1280/ccs/tools/compiler/ti-cgt-arm_20.2.7.LTS/lib/</path>
         <kind>archive</kind>
         <file>rtsv7M4_T_le_v4SPD16_eabi.lib</file>
         <name>errno.c.obj</name>
      </input_file>
      <input_file id="fl-ea">
         <path>/Applications/ti/ccs1280/ccs/tools/compiler/ti-cgt-arm_20.2.7.LTS/lib/</path>
         <kind>archive</kind>
         <file>rtsv7M4_T_le_v4SPD16_eabi.lib</file>
         <name>wcslen.c.obj</name>
      </input_file>
      <input_file id="fl-eb">
         <path>/Applications/ti/ccs1280/ccs/tools/compiler/ti-cgt-arm_20.2.7.LTS/lib/</path>
         <kind>archive</kind>
         <file>rtsv7M4_T_le_v4SPD16_eabi.lib</file>
         <name>s_frexp.c.obj</name>
      </input_file>
      <input_file id="fl-ec">
         <path>/Applications/ti/ccs1280/ccs/tools/compiler/ti-cgt-arm_20.2.7.LTS/lib/</path>
         <kind>archive</kind>
         <file>rtsv7M4_T_le_v4SPD16_eabi.lib</file>
         <name>s_scalbn.c.obj</name>
      </input_file>
      <input_file id="fl-ed">
         <path>/Applications/ti/ccs1280/ccs/tools/compiler/ti-cgt-arm_20.2.7.LTS/lib/</path>
         <kind>archive</kind>
         <file>rtsv7M4_T_le_v4SPD16_eabi.lib</file>
         <name>fflush.c.obj</name>
      </input_file>
      <input_file id="fl-ee">
         <path>/Applications/ti/ccs1280/ccs/tools/compiler/ti-cgt-arm_20.2.7.LTS/lib/</path>
         <kind>archive</kind>
         <file>rtsv7M4_T_le_v4SPD16_eabi.lib</file>
         <name>fopen.c.obj</name>
      </input_file>
      <input_file id="fl-ef">
         <path>/Applications/ti/ccs1280/ccs/tools/compiler/ti-cgt-arm_20.2.7.LTS/lib/</path>
         <kind>archive</kind>
         <file>rtsv7M4_T_le_v4SPD16_eabi.lib</file>
         <name>fseek.c.obj</name>
      </input_file>
      <input_file id="fl-f0">
         <path>/Applications/ti/ccs1280/ccs/tools/compiler/ti-cgt-arm_20.2.7.LTS/lib/</path>
         <kind>archive</kind>
         <file>rtsv7M4_T_le_v4SPD16_eabi.lib</file>
         <name>div0.asm.obj</name>
      </input_file>
      <input_file id="fl-f1">
         <path>/Applications/ti/ccs1280/ccs/tools/compiler/ti-cgt-arm_20.2.7.LTS/lib/</path>
         <kind>archive</kind>
         <file>rtsv7M4_T_le_v4SPD16_eabi.lib</file>
         <name>autoinit.c.obj</name>
      </input_file>
      <input_file id="fl-f2">
         <path>/Applications/ti/ccs1280/ccs/tools/compiler/ti-cgt-arm_20.2.7.LTS/lib/</path>
         <kind>archive</kind>
         <file>rtsv7M4_T_le_v4SPD16_eabi.lib</file>
         <name>pre_init.c.obj</name>
      </input_file>
      <input_file id="fl-f3">
         <path>/Applications/ti/ccs1280/ccs/tools/compiler/ti-cgt-arm_20.2.7.LTS/lib/</path>
         <kind>archive</kind>
         <file>rtsv7M4_T_le_v4SPD16_eabi.lib</file>
         <name>cpy_tbl.c.obj</name>
      </input_file>
      <input_file id="fl-f4">
         <path>/Applications/ti/ccs1280/ccs/tools/compiler/ti-cgt-arm_20.2.7.LTS/lib/</path>
         <kind>archive</kind>
         <file>rtsv7M4_T_le_v4SPD16_eabi.lib</file>
         <name>args_main.c.obj</name>
      </input_file>
      <input_file id="fl-f5">
         <path>/Applications/ti/ccs1280/ccs/tools/compiler/ti-cgt-arm_20.2.7.LTS/lib/</path>
         <kind>archive</kind>
         <file>rtsv7M4_T_le_v4SPD16_eabi.lib</file>
         <name>hostclose.c.obj</name>
      </input_file>
      <input_file id="fl-f6">
         <path>/Applications/ti/ccs1280/ccs/tools/compiler/ti-cgt-arm_20.2.7.LTS/lib/</path>
         <kind>archive</kind>
         <file>rtsv7M4_T_le_v4SPD16_eabi.lib</file>
         <name>hostlseek.c.obj</name>
      </input_file>
      <input_file id="fl-f7">
         <path>/Applications/ti/ccs1280/ccs/tools/compiler/ti-cgt-arm_20.2.7.LTS/lib/</path>
         <kind>archive</kind>
         <file>rtsv7M4_T_le_v4SPD16_eabi.lib</file>
         <name>hostopen.c.obj</name>
      </input_file>
      <input_file id="fl-f8">
         <path>/Applications/ti/ccs1280/ccs/tools/compiler/ti-cgt-arm_20.2.7.LTS/lib/</path>
         <kind>archive</kind>
         <file>rtsv7M4_T_le_v4SPD16_eabi.lib</file>
         <name>hostread.c.obj</name>
      </input_file>
      <input_file id="fl-f9">
         <path>/Applications/ti/ccs1280/ccs/tools/compiler/ti-cgt-arm_20.2.7.LTS/lib/</path>
         <kind>archive</kind>
         <file>rtsv7M4_T_le_v4SPD16_eabi.lib</file>
         <name>hostrename.c.obj</name>
      </input_file>
      <input_file id="fl-fa">
         <path>/Applications/ti/ccs1280/ccs/tools/compiler/ti-cgt-arm_20.2.7.LTS/lib/</path>
         <kind>archive</kind>
         <file>rtsv7M4_T_le_v4SPD16_eabi.lib</file>
         <name>hostunlink.c.obj</name>
      </input_file>
      <input_file id="fl-fb">
         <path>/Applications/ti/ccs1280/ccs/tools/compiler/ti-cgt-arm_20.2.7.LTS/lib/</path>
         <kind>archive</kind>
         <file>rtsv7M4_T_le_v4SPD16_eabi.lib</file>
         <name>hostwrite.c.obj</name>
      </input_file>
      <input_file id="fl-fc">
         <path>/Applications/ti/ccs1280/ccs/tools/compiler/ti-cgt-arm_20.2.7.LTS/lib/</path>
         <kind>archive</kind>
         <file>rtsv7M4_T_le_v4SPD16_eabi.lib</file>
         <name>trgmsg.c.obj</name>
      </input_file>
      <input_file id="fl-fd">
         <path>/Applications/ti/ccs1280/ccs/tools/compiler/ti-cgt-arm_20.2.7.LTS/lib/</path>
         <kind>archive</kind>
         <file>rtsv7M4_T_le_v4SPD16_eabi.lib</file>
         <name>open.c.obj</name>
      </input_file>
      <input_file id="fl-fe">
         <path>/Applications/ti/ccs1280/ccs/tools/compiler/ti-cgt-arm_20.2.7.LTS/lib/</path>
         <kind>archive</kind>
         <file>rtsv7M4_T_le_v4SPD16_eabi.lib</file>
         <name>lseek.c.obj</name>
      </input_file>
      <input_file id="fl-ff">
         <path>/Applications/ti/ccs1280/ccs/tools/compiler/ti-cgt-arm_20.2.7.LTS/lib/</path>
         <kind>archive</kind>
         <file>rtsv7M4_T_le_v4SPD16_eabi.lib</file>
         <name>s_copysign.c.obj</name>
      </input_file>
      <input_file id="fl-100">
         <path>/Applications/ti/ccs1280/ccs/tools/compiler/ti-cgt-arm_20.2.7.LTS/lib/</path>
         <kind>archive</kind>
         <file>rtsv7M4_T_le_v4SPD16_eabi.lib</file>
         <name>fclose.c.obj</name>
      </input_file>
      <input_file id="fl-101">
         <path>/Applications/ti/ccs1280/ccs/tools/compiler/ti-cgt-arm_20.2.7.LTS/lib/</path>
         <kind>archive</kind>
         <file>rtsv7M4_T_le_v4SPD16_eabi.lib</file>
         <name>getdevice.c.obj</name>
      </input_file>
      <input_file id="fl-102">
         <path>/Applications/ti/ccs1280/ccs/tools/compiler/ti-cgt-arm_20.2.7.LTS/lib/</path>
         <kind>archive</kind>
         <file>rtsv7M4_T_le_v4SPD16_eabi.lib</file>
         <name>strcmp.c.obj</name>
      </input_file>
      <input_file id="fl-103">
         <path>/Applications/ti/ccs1280/ccs/tools/compiler/ti-cgt-arm_20.2.7.LTS/lib/</path>
         <kind>archive</kind>
         <file>rtsv7M4_T_le_v4SPD16_eabi.lib</file>
         <name>strcpy.c.obj</name>
      </input_file>
      <input_file id="fl-104">
         <path>/Applications/ti/ccs1280/ccs/tools/compiler/ti-cgt-arm_20.2.7.LTS/lib/</path>
         <kind>archive</kind>
         <file>rtsv7M4_T_le_v4SPD16_eabi.lib</file>
         <name>strncpy.c.obj</name>
      </input_file>
      <input_file id="fl-105">
         <path>/Applications/ti/ccs1280/ccs/tools/compiler/ti-cgt-arm_20.2.7.LTS/lib/</path>
         <kind>archive</kind>
         <file>rtsv7M4_T_le_v4SPD16_eabi.lib</file>
         <name>remove.c.obj</name>
      </input_file>
      <input_file id="fl-106">
         <path>/Applications/ti/ccs1280/ccs/tools/compiler/ti-cgt-arm_20.2.7.LTS/lib/</path>
         <kind>archive</kind>
         <file>rtsv7M4_T_le_v4SPD16_eabi.lib</file>
         <name>close.c.obj</name>
      </input_file>
      <input_file id="fl-107">
         <path>/Applications/ti/ccs1280/ccs/tools/compiler/ti-cgt-arm_20.2.7.LTS/lib/</path>
         <kind>archive</kind>
         <file>rtsv7M4_T_le_v4SPD16_eabi.lib</file>
         <name>unlink.c.obj</name>
      </input_file>
      <input_file id="fl-108">
         <path>/Users/biasio/Documents/Documents_Nextcloud/UNITN/EMBEDDED/dev_biasio/simplelink_msp432p4_sdk_3_40_01_02/source/ti/grlib/lib/ccs/m4f/</path>
         <kind>archive</kind>
         <file>grlib.a</file>
         <name>context.obj</name>
      </input_file>
      <input_file id="fl-109">
         <path>/Users/biasio/Documents/Documents_Nextcloud/UNITN/EMBEDDED/dev_biasio/simplelink_msp432p4_sdk_3_40_01_02/source/ti/grlib/lib/ccs/m4f/</path>
         <kind>archive</kind>
         <file>grlib.a</file>
         <name>display.obj</name>
      </input_file>
      <input_file id="fl-10a">
         <path>/Users/biasio/Documents/Documents_Nextcloud/UNITN/EMBEDDED/dev_biasio/simplelink_msp432p4_sdk_3_40_01_02/source/ti/grlib/lib/ccs/m4f/</path>
         <kind>archive</kind>
         <file>grlib.a</file>
         <name>fontcmss12.obj</name>
      </input_file>
      <input_file id="fl-10b">
         <path>/Users/biasio/Documents/Documents_Nextcloud/UNITN/EMBEDDED/dev_biasio/simplelink_msp432p4_sdk_3_40_01_02/source/ti/grlib/lib/ccs/m4f/</path>
         <kind>archive</kind>
         <file>grlib.a</file>
         <name>fontcmss16.obj</name>
      </input_file>
      <input_file id="fl-10c">
         <path>/Users/biasio/Documents/Documents_Nextcloud/UNITN/EMBEDDED/dev_biasio/simplelink_msp432p4_sdk_3_40_01_02/source/ti/grlib/lib/ccs/m4f/</path>
         <kind>archive</kind>
         <file>grlib.a</file>
         <name>fontcmss24.obj</name>
      </input_file>
      <input_file id="fl-10d">
         <path>/Users/biasio/Documents/Documents_Nextcloud/UNITN/EMBEDDED/dev_biasio/simplelink_msp432p4_sdk_3_40_01_02/source/ti/grlib/lib/ccs/m4f/</path>
         <kind>archive</kind>
         <file>grlib.a</file>
         <name>fontcmss36.obj</name>
      </input_file>
      <input_file id="fl-10e">
         <path>/Users/biasio/Documents/Documents_Nextcloud/UNITN/EMBEDDED/dev_biasio/simplelink_msp432p4_sdk_3_40_01_02/source/ti/grlib/lib/ccs/m4f/</path>
         <kind>archive</kind>
         <file>grlib.a</file>
         <name>line.obj</name>
      </input_file>
      <input_file id="fl-10f">
         <path>/Users/biasio/Documents/Documents_Nextcloud/UNITN/EMBEDDED/dev_biasio/simplelink_msp432p4_sdk_3_40_01_02/source/ti/grlib/lib/ccs/m4f/</path>
         <kind>archive</kind>
         <file>grlib.a</file>
         <name>rectangle.obj</name>
      </input_file>
      <input_file id="fl-110">
         <path>/Users/biasio/Documents/Documents_Nextcloud/UNITN/EMBEDDED/dev_biasio/simplelink_msp432p4_sdk_3_40_01_02/source/ti/grlib/lib/ccs/m4f/</path>
         <kind>archive</kind>
         <file>grlib.a</file>
         <name>string.obj</name>
      </input_file>
      <input_file id="fl-111">
         <path>/Users/biasio/Documents/Documents_Nextcloud/UNITN/EMBEDDED/dev_biasio/simplelink_msp432p4_sdk_3_40_01_02/source/ti/devices/msp432p4xx/driverlib/ccs/</path>
         <kind>archive</kind>
         <file>msp432p4xx_driverlib.lib</file>
         <name>adc14.o</name>
      </input_file>
      <input_file id="fl-112">
         <path>/Users/biasio/Documents/Documents_Nextcloud/UNITN/EMBEDDED/dev_biasio/simplelink_msp432p4_sdk_3_40_01_02/source/ti/devices/msp432p4xx/driverlib/ccs/</path>
         <kind>archive</kind>
         <file>msp432p4xx_driverlib.lib</file>
         <name>cs.o</name>
      </input_file>
      <input_file id="fl-113">
         <path>/Users/biasio/Documents/Documents_Nextcloud/UNITN/EMBEDDED/dev_biasio/simplelink_msp432p4_sdk_3_40_01_02/source/ti/devices/msp432p4xx/driverlib/ccs/</path>
         <kind>archive</kind>
         <file>msp432p4xx_driverlib.lib</file>
         <name>flash.o</name>
      </input_file>
      <input_file id="fl-114">
         <path>/Users/biasio/Documents/Documents_Nextcloud/UNITN/EMBEDDED/dev_biasio/simplelink_msp432p4_sdk_3_40_01_02/source/ti/devices/msp432p4xx/driverlib/ccs/</path>
         <kind>archive</kind>
         <file>msp432p4xx_driverlib.lib</file>
         <name>gpio.o</name>
      </input_file>
      <input_file id="fl-115">
         <path>/Users/biasio/Documents/Documents_Nextcloud/UNITN/EMBEDDED/dev_biasio/simplelink_msp432p4_sdk_3_40_01_02/source/ti/devices/msp432p4xx/driverlib/ccs/</path>
         <kind>archive</kind>
         <file>msp432p4xx_driverlib.lib</file>
         <name>i2c.o</name>
      </input_file>
      <input_file id="fl-116">
         <path>/Users/biasio/Documents/Documents_Nextcloud/UNITN/EMBEDDED/dev_biasio/simplelink_msp432p4_sdk_3_40_01_02/source/ti/devices/msp432p4xx/driverlib/ccs/</path>
         <kind>archive</kind>
         <file>msp432p4xx_driverlib.lib</file>
         <name>interrupt.o</name>
      </input_file>
      <input_file id="fl-117">
         <path>/Users/biasio/Documents/Documents_Nextcloud/UNITN/EMBEDDED/dev_biasio/simplelink_msp432p4_sdk_3_40_01_02/source/ti/devices/msp432p4xx/driverlib/ccs/</path>
         <kind>archive</kind>
         <file>msp432p4xx_driverlib.lib</file>
         <name>pcm.o</name>
      </input_file>
      <input_file id="fl-118">
         <path>/Users/biasio/Documents/Documents_Nextcloud/UNITN/EMBEDDED/dev_biasio/simplelink_msp432p4_sdk_3_40_01_02/source/ti/devices/msp432p4xx/driverlib/ccs/</path>
         <kind>archive</kind>
         <file>msp432p4xx_driverlib.lib</file>
         <name>rtc_c.o</name>
      </input_file>
      <input_file id="fl-119">
         <path>/Users/biasio/Documents/Documents_Nextcloud/UNITN/EMBEDDED/dev_biasio/simplelink_msp432p4_sdk_3_40_01_02/source/ti/devices/msp432p4xx/driverlib/ccs/</path>
         <kind>archive</kind>
         <file>msp432p4xx_driverlib.lib</file>
         <name>spi.o</name>
      </input_file>
      <input_file id="fl-11a">
         <path>/Users/biasio/Documents/Documents_Nextcloud/UNITN/EMBEDDED/dev_biasio/simplelink_msp432p4_sdk_3_40_01_02/source/ti/devices/msp432p4xx/driverlib/ccs/</path>
         <kind>archive</kind>
         <file>msp432p4xx_driverlib.lib</file>
         <name>sysctl.o</name>
      </input_file>
      <input_file id="fl-11b">
         <path>/Users/biasio/Documents/Documents_Nextcloud/UNITN/EMBEDDED/dev_biasio/simplelink_msp432p4_sdk_3_40_01_02/source/ti/devices/msp432p4xx/driverlib/ccs/</path>
         <kind>archive</kind>
         <file>msp432p4xx_driverlib.lib</file>
         <name>sysctl_a.o</name>
      </input_file>
      <input_file id="fl-11c">
         <path>/Users/biasio/Documents/Documents_Nextcloud/UNITN/EMBEDDED/dev_biasio/simplelink_msp432p4_sdk_3_40_01_02/source/ti/devices/msp432p4xx/driverlib/ccs/</path>
         <kind>archive</kind>
         <file>msp432p4xx_driverlib.lib</file>
         <name>timer_a.o</name>
      </input_file>
      <input_file id="fl-11d">
         <path>/Users/biasio/Documents/Documents_Nextcloud/UNITN/EMBEDDED/dev_biasio/simplelink_msp432p4_sdk_3_40_01_02/source/ti/devices/msp432p4xx/driverlib/ccs/</path>
         <kind>archive</kind>
         <file>msp432p4xx_driverlib.lib</file>
         <name>wdt_a.o</name>
      </input_file>
      <input_file id="fl-11e">
         <path>/Users/biasio/Documents/Documents_Nextcloud/UNITN/EMBEDDED/dev_biasio/simplelink_msp432p4_sdk_3_40_01_02/source/ti/devices/msp432p4xx/driverlib/ccs/</path>
         <kind>archive</kind>
         <file>msp432p4xx_driverlib.lib</file>
         <name>cpu.o</name>
      </input_file>
   </input_file_list>
   <object_component_list>
      <object_component id="oc-26">
         <name>.intvecs:retain</name>
         <load_address>0x0</load_address>
         <run_address>0x0</run_address>
         <size>0xe4</size>
         <input_file_ref idref="fl-2"/>
      </object_component>
      <object_component id="oc-292">
         <name>.text</name>
         <load_address>0xe4</load_address>
         <run_address>0xe4</run_address>
         <size>0xf0c</size>
         <input_file_ref idref="fl-6"/>
      </object_component>
      <object_component id="oc-38e">
         <name>.text:__TI_printfi</name>
         <load_address>0xff0</load_address>
         <run_address>0xff0</run_address>
         <size>0xa4e</size>
         <input_file_ref idref="fl-c9"/>
      </object_component>
      <object_component id="oc-3f0">
         <name>.text:_nop</name>
         <load_address>0x1a3e</load_address>
         <run_address>0x1a3e</run_address>
         <size>0x2</size>
         <input_file_ref idref="fl-dc"/>
      </object_component>
      <object_component id="oc-333">
         <name>.text</name>
         <load_address>0x1a40</load_address>
         <run_address>0x1a40</run_address>
         <size>0x680</size>
         <input_file_ref idref="fl-b"/>
      </object_component>
      <object_component id="oc-1a6">
         <name>.text</name>
         <load_address>0x20c0</load_address>
         <run_address>0x20c0</run_address>
         <size>0x674</size>
         <input_file_ref idref="fl-8"/>
      </object_component>
      <object_component id="oc-3b5">
         <name>.text:Graphics_drawString</name>
         <load_address>0x2734</load_address>
         <run_address>0x2734</run_address>
         <size>0x47e</size>
         <input_file_ref idref="fl-110"/>
      </object_component>
      <object_component id="oc-638">
         <name>.text</name>
         <load_address>0x2bb2</load_address>
         <run_address>0x2bb2</run_address>
         <size>0x2</size>
         <input_file_ref idref="fl-f0"/>
      </object_component>
      <object_component id="oc-b8">
         <name>.text</name>
         <load_address>0x2bb4</load_address>
         <run_address>0x2bb4</run_address>
         <size>0x334</size>
         <input_file_ref idref="fl-3"/>
      </object_component>
      <object_component id="oc-4c2">
         <name>.text:_pconv_a</name>
         <load_address>0x2ee8</load_address>
         <run_address>0x2ee8</run_address>
         <size>0x270</size>
         <input_file_ref idref="fl-c9"/>
      </object_component>
      <object_component id="oc-4b0">
         <name>.text:_pconv_g</name>
         <load_address>0x3158</load_address>
         <run_address>0x3158</run_address>
         <size>0x1d0</size>
         <input_file_ref idref="fl-c9"/>
      </object_component>
      <object_component id="oc-5a2">
         <name>.text</name>
         <load_address>0x3328</load_address>
         <run_address>0x3328</run_address>
         <size>0x1b6</size>
         <input_file_ref idref="fl-cf"/>
      </object_component>
      <object_component id="oc-212">
         <name>.text:_getIndexForMemRegister</name>
         <load_address>0x34e0</load_address>
         <run_address>0x34e0</run_address>
         <size>0x160</size>
         <input_file_ref idref="fl-111"/>
      </object_component>
      <object_component id="oc-52d">
         <name>.text:__PCM_setPowerModeAdvanced</name>
         <load_address>0x3640</load_address>
         <run_address>0x3640</run_address>
         <size>0x15c</size>
         <input_file_ref idref="fl-117"/>
      </object_component>
      <object_component id="oc-1ef">
         <name>.text:privateTimer_AProcessClockSourceDivider</name>
         <load_address>0x379c</load_address>
         <run_address>0x379c</run_address>
         <size>0x144</size>
         <input_file_ref idref="fl-11c"/>
      </object_component>
      <object_component id="oc-4bc">
         <name>.text:_pconv_e</name>
         <load_address>0x38e0</load_address>
         <run_address>0x38e0</run_address>
         <size>0x13c</size>
         <input_file_ref idref="fl-c9"/>
      </object_component>
      <object_component id="oc-588">
         <name>.text</name>
         <load_address>0x3a1c</load_address>
         <run_address>0x3a1c</run_address>
         <size>0x136</size>
         <input_file_ref idref="fl-d1"/>
      </object_component>
      <object_component id="oc-70">
         <name>.text</name>
         <load_address>0x3b54</load_address>
         <run_address>0x3b54</run_address>
         <size>0x134</size>
         <input_file_ref idref="fl-9"/>
      </object_component>
      <object_component id="oc-28c">
         <name>.text:CS_initClockSignal</name>
         <load_address>0x3c88</load_address>
         <run_address>0x3c88</run_address>
         <size>0x130</size>
         <input_file_ref idref="fl-112"/>
      </object_component>
      <object_component id="oc-5b4">
         <name>.text:fcvt</name>
         <load_address>0x3db8</load_address>
         <run_address>0x3db8</run_address>
         <size>0x124</size>
         <input_file_ref idref="fl-c9"/>
      </object_component>
      <object_component id="oc-502">
         <name>.text:fputs</name>
         <load_address>0x3edc</load_address>
         <run_address>0x3edc</run_address>
         <size>0x114</size>
         <input_file_ref idref="fl-cc"/>
      </object_component>
      <object_component id="oc-381">
         <name>.text:Graphics_fillRectangle</name>
         <load_address>0x3ff0</load_address>
         <run_address>0x3ff0</run_address>
         <size>0x112</size>
         <input_file_ref idref="fl-10f"/>
      </object_component>
      <object_component id="oc-5c8">
         <name>.text:scalbn</name>
         <load_address>0x4104</load_address>
         <run_address>0x4104</run_address>
         <size>0x110</size>
         <input_file_ref idref="fl-ec"/>
      </object_component>
      <object_component id="oc-329">
         <name>.text:__PCM_setCoreVoltageLevelAdvanced</name>
         <load_address>0x4214</load_address>
         <run_address>0x4214</run_address>
         <size>0x108</size>
         <input_file_ref idref="fl-117"/>
      </object_component>
      <object_component id="oc-6ef">
         <name>.text:aligned_alloc</name>
         <load_address>0x431c</load_address>
         <run_address>0x431c</run_address>
         <size>0x100</size>
         <input_file_ref idref="fl-e3"/>
      </object_component>
      <object_component id="oc-583">
         <name>.text</name>
         <load_address>0x441c</load_address>
         <run_address>0x441c</run_address>
         <size>0xfc</size>
         <input_file_ref idref="fl-d2"/>
      </object_component>
      <object_component id="oc-3af">
         <name>.text:Graphics_getStringWidth</name>
         <load_address>0x4518</load_address>
         <run_address>0x4518</run_address>
         <size>0xfa</size>
         <input_file_ref idref="fl-110"/>
      </object_component>
      <object_component id="oc-76">
         <name>.text</name>
         <load_address>0x4614</load_address>
         <run_address>0x4614</run_address>
         <size>0xf8</size>
         <input_file_ref idref="fl-a"/>
      </object_component>
      <object_component id="oc-6ad">
         <name>.text:free</name>
         <load_address>0x470c</load_address>
         <run_address>0x470c</run_address>
         <size>0xe4</size>
         <input_file_ref idref="fl-e3"/>
      </object_component>
      <object_component id="oc-673">
         <name>.text:setvbuf</name>
         <load_address>0x47f0</load_address>
         <run_address>0x47f0</run_address>
         <size>0xdc</size>
         <input_file_ref idref="fl-ce"/>
      </object_component>
      <object_component id="oc-431">
         <name>.text</name>
         <load_address>0x48cc</load_address>
         <run_address>0x48cc</run_address>
         <size>0xcc</size>
         <input_file_ref idref="fl-c"/>
      </object_component>
      <object_component id="oc-e9">
         <name>.text:ADC14_configureConversionMemory</name>
         <load_address>0x4998</load_address>
         <run_address>0x4998</run_address>
         <size>0xb4</size>
         <input_file_ref idref="fl-111"/>
      </object_component>
      <object_component id="oc-e3">
         <name>.text:ADC14_configureMultiSequenceMode</name>
         <load_address>0x4a4c</load_address>
         <run_address>0x4a4c</run_address>
         <size>0xb4</size>
         <input_file_ref idref="fl-111"/>
      </object_component>
      <object_component id="oc-4a5">
         <name>.text:_ltostr</name>
         <load_address>0x4b00</load_address>
         <run_address>0x4b00</run_address>
         <size>0xb1</size>
         <input_file_ref idref="fl-c9"/>
      </object_component>
      <object_component id="oc-540">
         <name>.text:SPI_initMaster</name>
         <load_address>0x4bb2</load_address>
         <run_address>0x4bb2</run_address>
         <size>0xb0</size>
         <input_file_ref idref="fl-119"/>
      </object_component>
      <object_component id="oc-363">
         <name>.text:Graphics_drawRectangle</name>
         <load_address>0x4c62</load_address>
         <run_address>0x4c62</run_address>
         <size>0xa2</size>
         <input_file_ref idref="fl-10f"/>
      </object_component>
      <object_component id="oc-2b0">
         <name>.text:Graphics_drawLineH</name>
         <load_address>0x4d04</load_address>
         <run_address>0x4d04</run_address>
         <size>0x9c</size>
         <input_file_ref idref="fl-10e"/>
      </object_component>
      <object_component id="oc-351">
         <name>.text:Graphics_drawLineV</name>
         <load_address>0x4da0</load_address>
         <run_address>0x4da0</run_address>
         <size>0x9c</size>
         <input_file_ref idref="fl-10e"/>
      </object_component>
      <object_component id="oc-3a">
         <name>.text</name>
         <load_address>0x4e3c</load_address>
         <run_address>0x4e3c</run_address>
         <size>0x9c</size>
         <input_file_ref idref="fl-d5"/>
      </object_component>
      <object_component id="oc-57c">
         <name>.text</name>
         <load_address>0x4ed8</load_address>
         <run_address>0x4ed8</run_address>
         <size>0x96</size>
         <input_file_ref idref="fl-d7"/>
      </object_component>
      <object_component id="oc-509">
         <name>.text:fputc</name>
         <load_address>0x4f70</load_address>
         <run_address>0x4f70</run_address>
         <size>0x8c</size>
         <input_file_ref idref="fl-cb"/>
      </object_component>
      <object_component id="oc-d1">
         <name>.text:GPIO_setAsPeripheralModuleFunctionInputPin</name>
         <load_address>0x4ffc</load_address>
         <run_address>0x4ffc</run_address>
         <size>0x88</size>
         <input_file_ref idref="fl-114"/>
      </object_component>
      <object_component id="oc-534">
         <name>.text:GPIO_setAsPeripheralModuleFunctionOutputPin</name>
         <load_address>0x5084</load_address>
         <run_address>0x5084</run_address>
         <size>0x88</size>
         <input_file_ref idref="fl-114"/>
      </object_component>
      <object_component id="oc-4ab">
         <name>.text:__aeabi_cdcmple</name>
         <load_address>0x510c</load_address>
         <run_address>0x510c</run_address>
         <size>0x86</size>
         <input_file_ref idref="fl-d0"/>
      </object_component>
      <object_component id="oc-58d">
         <name>.text:__aeabi_cdrcmple</name>
         <load_address>0x5192</load_address>
         <run_address>0x5192</run_address>
         <size>0x86</size>
         <input_file_ref idref="fl-d0"/>
      </object_component>
      <object_component id="oc-15f">
         <name>.text:GPIO_getEnabledInterruptStatus</name>
         <load_address>0x5218</load_address>
         <run_address>0x5218</run_address>
         <size>0x84</size>
         <input_file_ref idref="fl-114"/>
      </object_component>
      <object_component id="oc-c5">
         <name>.text:Interrupt_enableInterrupt</name>
         <load_address>0x529c</load_address>
         <run_address>0x529c</run_address>
         <size>0x80</size>
         <input_file_ref idref="fl-116"/>
      </object_component>
      <object_component id="oc-9a">
         <name>.text</name>
         <load_address>0x531c</load_address>
         <run_address>0x531c</run_address>
         <size>0x7a</size>
         <input_file_ref idref="fl-d6"/>
      </object_component>
      <object_component id="oc-6f6">
         <name>.text:__TI_closefile</name>
         <load_address>0x5398</load_address>
         <run_address>0x5398</run_address>
         <size>0x74</size>
         <input_file_ref idref="fl-100"/>
      </object_component>
      <object_component id="oc-737">
         <name>.text:split</name>
         <load_address>0x540c</load_address>
         <run_address>0x540c</run_address>
         <size>0x70</size>
         <input_file_ref idref="fl-e3"/>
      </object_component>
      <object_component id="oc-5ad">
         <name>.text:_mcpy</name>
         <load_address>0x547c</load_address>
         <run_address>0x547c</run_address>
         <size>0x6e</size>
         <input_file_ref idref="fl-c9"/>
      </object_component>
      <object_component id="oc-726">
         <name>.text:HOSTrename</name>
         <load_address>0x54ec</load_address>
         <run_address>0x54ec</run_address>
         <size>0x6c</size>
         <input_file_ref idref="fl-f9"/>
      </object_component>
      <object_component id="oc-71a">
         <name>.text:HOSTlseek</name>
         <load_address>0x5558</load_address>
         <run_address>0x5558</run_address>
         <size>0x68</size>
         <input_file_ref idref="fl-f6"/>
      </object_component>
      <object_component id="oc-13b">
         <name>.text:Timer_A_configureUpMode</name>
         <load_address>0x55c0</load_address>
         <run_address>0x55c0</run_address>
         <size>0x68</size>
         <input_file_ref idref="fl-11c"/>
      </object_component>
      <object_component id="oc-17">
         <name>.text:decompress:lzss:__TI_decompress_lzss</name>
         <load_address>0x5628</load_address>
         <run_address>0x5628</run_address>
         <size>0x68</size>
         <input_file_ref idref="fl-da"/>
      </object_component>
      <object_component id="oc-2aa">
         <name>.text:printf</name>
         <load_address>0x5690</load_address>
         <run_address>0x5690</run_address>
         <size>0x68</size>
         <input_file_ref idref="fl-c8"/>
      </object_component>
      <object_component id="oc-5c2">
         <name>.text:frexp</name>
         <load_address>0x56f8</load_address>
         <run_address>0x56f8</run_address>
         <size>0x64</size>
         <input_file_ref idref="fl-eb"/>
      </object_component>
      <object_component id="oc-66d">
         <name>.text:fseek</name>
         <load_address>0x575c</load_address>
         <run_address>0x575c</run_address>
         <size>0x64</size>
         <input_file_ref idref="fl-ef"/>
      </object_component>
      <object_component id="oc-5fa">
         <name>.text:__TI_wrt_ok</name>
         <load_address>0x57c0</load_address>
         <run_address>0x57c0</run_address>
         <size>0x62</size>
         <input_file_ref idref="fl-cd"/>
      </object_component>
      <object_component id="oc-702">
         <name>.text:HOSTopen</name>
         <load_address>0x5824</load_address>
         <run_address>0x5824</run_address>
         <size>0x60</size>
         <input_file_ref idref="fl-f7"/>
      </object_component>
      <object_component id="oc-41e">
         <name>.text:PCM_getCoreVoltageLevel</name>
         <load_address>0x5884</load_address>
         <run_address>0x5884</run_address>
         <size>0x5e</size>
         <input_file_ref idref="fl-117"/>
      </object_component>
      <object_component id="oc-73e">
         <name>.text:close</name>
         <load_address>0x58e4</load_address>
         <run_address>0x58e4</run_address>
         <size>0x5c</size>
         <input_file_ref idref="fl-106"/>
      </object_component>
      <object_component id="oc-418">
         <name>.text:PCM_getPowerMode</name>
         <load_address>0x5940</load_address>
         <run_address>0x5940</run_address>
         <size>0x5a</size>
         <input_file_ref idref="fl-117"/>
      </object_component>
      <object_component id="oc-141">
         <name>.text:GPIO_setAsInputPinWithPullUpResistor</name>
         <load_address>0x599c</load_address>
         <run_address>0x599c</run_address>
         <size>0x58</size>
         <input_file_ref idref="fl-114"/>
      </object_component>
      <object_component id="oc-70e">
         <name>.text:HOSTread</name>
         <load_address>0x59f4</load_address>
         <run_address>0x59f4</run_address>
         <size>0x58</size>
         <input_file_ref idref="fl-f8"/>
      </object_component>
      <object_component id="oc-714">
         <name>.text:HOSTwrite</name>
         <load_address>0x5a4c</load_address>
         <run_address>0x5a4c</run_address>
         <size>0x58</size>
         <input_file_ref idref="fl-fb"/>
      </object_component>
      <object_component id="oc-4b6">
         <name>.text:_pconv_f</name>
         <load_address>0x5aa4</load_address>
         <run_address>0x5aa4</run_address>
         <size>0x56</size>
         <input_file_ref idref="fl-c9"/>
      </object_component>
      <object_component id="oc-dd">
         <name>.text:ADC14_initModule</name>
         <load_address>0x5afc</load_address>
         <run_address>0x5afc</run_address>
         <size>0x54</size>
         <input_file_ref idref="fl-111"/>
      </object_component>
      <object_component id="oc-597">
         <name>.text:__TI_ltoa</name>
         <load_address>0x5b50</load_address>
         <run_address>0x5b50</run_address>
         <size>0x54</size>
         <input_file_ref idref="fl-dd"/>
      </object_component>
      <object_component id="oc-339">
         <name>.text:Graphics_initContext</name>
         <load_address>0x5ba4</load_address>
         <run_address>0x5ba4</run_address>
         <size>0x52</size>
         <input_file_ref idref="fl-108"/>
      </object_component>
      <object_component id="oc-37b">
         <name>.text:Graphics_isPointWithinRectangle</name>
         <load_address>0x5bf6</load_address>
         <run_address>0x5bf6</run_address>
         <size>0x52</size>
         <input_file_ref idref="fl-10f"/>
      </object_component>
      <object_component id="oc-5a7">
         <name>.text:_ecpy</name>
         <load_address>0x5c48</load_address>
         <run_address>0x5c48</run_address>
         <size>0x52</size>
         <input_file_ref idref="fl-c9"/>
      </object_component>
      <object_component id="oc-606">
         <name>.text:__TI_doflush</name>
         <load_address>0x5c9a</load_address>
         <run_address>0x5c9a</run_address>
         <size>0x4c</size>
         <input_file_ref idref="fl-ed"/>
      </object_component>
      <object_component id="oc-49f">
         <name>.text:atoi</name>
         <load_address>0x5ce8</load_address>
         <run_address>0x5ce8</run_address>
         <size>0x4c</size>
         <input_file_ref idref="fl-de"/>
      </object_component>
      <object_component id="oc-280">
         <name>.text:FlashCtl_setWaitState</name>
         <load_address>0x5d34</load_address>
         <run_address>0x5d34</run_address>
         <size>0x48</size>
         <input_file_ref idref="fl-113"/>
      </object_component>
      <object_component id="oc-2a4">
         <name>.text:Graphics_drawStringCentered</name>
         <load_address>0x5d7c</load_address>
         <run_address>0x5d7c</run_address>
         <size>0x48</size>
         <input_file_ref idref="fl-110"/>
      </object_component>
      <object_component id="oc-1b3">
         <name>.text:exit</name>
         <load_address>0x5dc4</load_address>
         <run_address>0x5dc4</run_address>
         <size>0x48</size>
         <input_file_ref idref="fl-db"/>
      </object_component>
      <object_component id="oc-592">
         <name>.text</name>
         <load_address>0x5e0c</load_address>
         <run_address>0x5e0c</run_address>
         <size>0x48</size>
         <input_file_ref idref="fl-d3"/>
      </object_component>
      <object_component id="oc-708">
         <name>.text:HOSTclose</name>
         <load_address>0x5e54</load_address>
         <run_address>0x5e54</run_address>
         <size>0x44</size>
         <input_file_ref idref="fl-f5"/>
      </object_component>
      <object_component id="oc-720">
         <name>.text:HOSTunlink</name>
         <load_address>0x5e98</load_address>
         <run_address>0x5e98</run_address>
         <size>0x44</size>
         <input_file_ref idref="fl-fa"/>
      </object_component>
      <object_component id="oc-1b9">
         <name>.text:__TI_auto_init_nobinit_nopinit:__TI_auto_init_nobinit_nopinit</name>
         <load_address>0x5edc</load_address>
         <run_address>0x5edc</run_address>
         <size>0x44</size>
         <input_file_ref idref="fl-f1"/>
      </object_component>
      <object_component id="oc-776">
         <name>.text:getdevice</name>
         <load_address>0x5f20</load_address>
         <run_address>0x5f20</run_address>
         <size>0x44</size>
         <input_file_ref idref="fl-101"/>
      </object_component>
      <object_component id="oc-53a">
         <name>.text:GPIO_setAsOutputPin</name>
         <load_address>0x5f64</load_address>
         <run_address>0x5f64</run_address>
         <size>0x40</size>
         <input_file_ref idref="fl-114"/>
      </object_component>
      <object_component id="oc-4ef">
         <name>.text:Graphics_getNumberOfLeadingZeros</name>
         <load_address>0x5fa4</load_address>
         <run_address>0x5fa4</run_address>
         <size>0x40</size>
         <input_file_ref idref="fl-110"/>
      </object_component>
      <object_component id="oc-619">
         <name>.text:is_A_Module</name>
         <load_address>0x5fe4</load_address>
         <run_address>0x5fe4</run_address>
         <size>0x40</size>
         <input_file_ref idref="fl-119"/>
      </object_component>
      <object_component id="oc-298">
         <name>.text:sprintf</name>
         <load_address>0x6024</load_address>
         <run_address>0x6024</run_address>
         <size>0x40</size>
         <input_file_ref idref="fl-ca"/>
      </object_component>
      <object_component id="oc-5ba">
         <name>.text:_fcpy</name>
         <load_address>0x6064</load_address>
         <run_address>0x6064</run_address>
         <size>0x3e</size>
         <input_file_ref idref="fl-c9"/>
      </object_component>
      <object_component id="oc-113">
         <name>.text:ADC14_getEnabledInterruptStatus</name>
         <load_address>0x60a4</load_address>
         <run_address>0x60a4</run_address>
         <size>0x38</size>
         <input_file_ref idref="fl-111"/>
      </object_component>
      <object_component id="oc-74f">
         <name>.text:__TI_writemsg</name>
         <load_address>0x60dc</load_address>
         <run_address>0x60dc</run_address>
         <size>0x38</size>
         <input_file_ref idref="fl-fc"/>
      </object_component>
      <object_component id="oc-3ce">
         <name>.text:Graphics_drawHorizontalLineOnDisplay</name>
         <load_address>0x6114</load_address>
         <run_address>0x6114</run_address>
         <size>0x36</size>
         <input_file_ref idref="fl-109"/>
      </object_component>
      <object_component id="oc-45a">
         <name>.text:Graphics_drawVerticalLineOnDisplay</name>
         <load_address>0x614a</load_address>
         <run_address>0x614a</run_address>
         <size>0x36</size>
         <input_file_ref idref="fl-109"/>
      </object_component>
      <object_component id="oc-798">
         <name>.text:strncpy</name>
         <load_address>0x6180</load_address>
         <run_address>0x6180</run_address>
         <size>0x36</size>
         <input_file_ref idref="fl-104"/>
      </object_component>
      <object_component id="oc-fb">
         <name>.text:ADC14_enableSampleTimer</name>
         <load_address>0x61b8</load_address>
         <run_address>0x61b8</run_address>
         <size>0x34</size>
         <input_file_ref idref="fl-111"/>
      </object_component>
      <object_component id="oc-286">
         <name>.text:CS_setDCOCenteredFrequency</name>
         <load_address>0x61ec</load_address>
         <run_address>0x61ec</run_address>
         <size>0x34</size>
         <input_file_ref idref="fl-112"/>
      </object_component>
      <object_component id="oc-bf">
         <name>.text:Timer_A_configureContinuousMode</name>
         <load_address>0x6220</load_address>
         <run_address>0x6220</run_address>
         <size>0x34</size>
         <input_file_ref idref="fl-11c"/>
      </object_component>
      <object_component id="oc-6b9">
         <name>.text:__TI_cleanup</name>
         <load_address>0x6254</load_address>
         <run_address>0x6254</run_address>
         <size>0x34</size>
         <input_file_ref idref="fl-ee"/>
      </object_component>
      <object_component id="oc-755">
         <name>.text:__TI_readmsg</name>
         <load_address>0x6288</load_address>
         <run_address>0x6288</run_address>
         <size>0x34</size>
         <input_file_ref idref="fl-fc"/>
      </object_component>
      <object_component id="oc-58">
         <name>.text:_c_int00_noargs:_c_int00_noargs</name>
         <load_address>0x62bc</load_address>
         <run_address>0x62bc</run_address>
         <size>0x34</size>
         <input_file_ref idref="fl-e6"/>
      </object_component>
      <object_component id="oc-119">
         <name>.text:ADC14_clearInterruptFlag</name>
         <load_address>0x62f0</load_address>
         <run_address>0x62f0</run_address>
         <size>0x30</size>
         <input_file_ref idref="fl-111"/>
      </object_component>
      <object_component id="oc-ef">
         <name>.text:ADC14_enableInterrupt</name>
         <load_address>0x6320</load_address>
         <run_address>0x6320</run_address>
         <size>0x30</size>
         <input_file_ref idref="fl-111"/>
      </object_component>
      <object_component id="oc-153">
         <name>.text:GPIO_getInputPinValue</name>
         <load_address>0x6350</load_address>
         <run_address>0x6350</run_address>
         <size>0x30</size>
         <input_file_ref idref="fl-114"/>
      </object_component>
      <object_component id="oc-79e">
         <name>.text:finddevice</name>
         <load_address>0x6380</load_address>
         <run_address>0x6380</run_address>
         <size>0x30</size>
         <input_file_ref idref="fl-101"/>
      </object_component>
      <object_component id="oc-59d">
         <name>.text</name>
         <load_address>0x63b0</load_address>
         <run_address>0x63b0</run_address>
         <size>0x2e</size>
         <input_file_ref idref="fl-d4"/>
      </object_component>
      <object_component id="oc-22a">
         <name>.text:ADC14_getInterruptStatus</name>
         <load_address>0x63e0</load_address>
         <run_address>0x63e0</run_address>
         <size>0x2c</size>
         <input_file_ref idref="fl-111"/>
      </object_component>
      <object_component id="oc-107">
         <name>.text:ADC14_toggleConversionTrigger</name>
         <load_address>0x640c</load_address>
         <run_address>0x640c</run_address>
         <size>0x2c</size>
         <input_file_ref idref="fl-111"/>
      </object_component>
      <object_component id="oc-4f5">
         <name>.text:Graphics_drawPixelOnDisplay</name>
         <load_address>0x6438</load_address>
         <run_address>0x6438</run_address>
         <size>0x2c</size>
         <input_file_ref idref="fl-109"/>
      </object_component>
      <object_component id="oc-159">
         <name>.text:Timer_A_clearCaptureCompareInterrupt</name>
         <load_address>0x6464</load_address>
         <run_address>0x6464</run_address>
         <size>0x2c</size>
         <input_file_ref idref="fl-11c"/>
      </object_component>
      <object_component id="oc-744">
         <name>.text:unlink</name>
         <load_address>0x6490</load_address>
         <run_address>0x6490</run_address>
         <size>0x2c</size>
         <input_file_ref idref="fl-107"/>
      </object_component>
      <object_component id="oc-101">
         <name>.text:ADC14_enableConversion</name>
         <load_address>0x64bc</load_address>
         <run_address>0x64bc</run_address>
         <size>0x28</size>
         <input_file_ref idref="fl-111"/>
      </object_component>
      <object_component id="oc-11f">
         <name>.text:ADC14_getResult</name>
         <load_address>0x64e4</load_address>
         <run_address>0x64e4</run_address>
         <size>0x28</size>
         <input_file_ref idref="fl-111"/>
      </object_component>
      <object_component id="oc-165">
         <name>.text:GPIO_clearInterruptFlag</name>
         <load_address>0x650c</load_address>
         <run_address>0x650c</run_address>
         <size>0x28</size>
         <input_file_ref idref="fl-114"/>
      </object_component>
      <object_component id="oc-16b">
         <name>.text:GPIO_disableInterrupt</name>
         <load_address>0x6534</load_address>
         <run_address>0x6534</run_address>
         <size>0x28</size>
         <input_file_ref idref="fl-114"/>
      </object_component>
      <object_component id="oc-147">
         <name>.text:GPIO_enableInterrupt</name>
         <load_address>0x655c</load_address>
         <run_address>0x655c</run_address>
         <size>0x28</size>
         <input_file_ref idref="fl-114"/>
      </object_component>
      <object_component id="oc-43d">
         <name>.text:GPIO_setOutputHighOnPin</name>
         <load_address>0x6584</load_address>
         <run_address>0x6584</run_address>
         <size>0x28</size>
         <input_file_ref idref="fl-114"/>
      </object_component>
      <object_component id="oc-437">
         <name>.text:GPIO_setOutputLowOnPin</name>
         <load_address>0x65ac</load_address>
         <run_address>0x65ac</run_address>
         <size>0x28</size>
         <input_file_ref idref="fl-114"/>
      </object_component>
      <object_component id="oc-2c6">
         <name>.text:PCM_gotoLPM0</name>
         <load_address>0x65d4</load_address>
         <run_address>0x65d4</run_address>
         <size>0x28</size>
         <input_file_ref idref="fl-117"/>
      </object_component>
      <object_component id="oc-6e8">
         <name>.text:free_list_insert</name>
         <load_address>0x65fc</load_address>
         <run_address>0x65fc</run_address>
         <size>0x28</size>
         <input_file_ref idref="fl-e3"/>
      </object_component>
      <object_component id="oc-6a5">
         <name>.text:lseek</name>
         <load_address>0x6624</load_address>
         <run_address>0x6624</run_address>
         <size>0x28</size>
         <input_file_ref idref="fl-fe"/>
      </object_component>
      <object_component id="oc-60c">
         <name>.text:write</name>
         <load_address>0x664c</load_address>
         <run_address>0x664c</run_address>
         <size>0x28</size>
         <input_file_ref idref="fl-e7"/>
      </object_component>
      <object_component id="oc-25f">
         <name>.text:GPIO_getInterruptStatus</name>
         <load_address>0x6674</load_address>
         <run_address>0x6674</run_address>
         <size>0x24</size>
         <input_file_ref idref="fl-114"/>
      </object_component>
      <object_component id="oc-26e">
         <name>.text:WDT_A_holdTimer</name>
         <load_address>0x6698</load_address>
         <run_address>0x6698</run_address>
         <size>0x24</size>
         <input_file_ref idref="fl-11d"/>
      </object_component>
      <object_component id="oc-600">
         <name>.text:memchr</name>
         <load_address>0x66bc</load_address>
         <run_address>0x66bc</run_address>
         <size>0x20</size>
         <input_file_ref idref="fl-e2"/>
      </object_component>
      <object_component id="oc-489">
         <name>.text:Graphics_fillRectangleOnDisplay</name>
         <load_address>0x66dc</load_address>
         <run_address>0x66dc</run_address>
         <size>0x1e</size>
         <input_file_ref idref="fl-109"/>
      </object_component>
      <object_component id="oc-546">
         <name>.text:SPI_enableModule</name>
         <load_address>0x66fa</load_address>
         <run_address>0x66fa</run_address>
         <size>0x1c</size>
         <input_file_ref idref="fl-119"/>
      </object_component>
      <object_component id="oc-46">
         <name>.text:decompress:ZI:__TI_zero_init_nomemset:__TI_zero_init_nomemset</name>
         <load_address>0x6716</load_address>
         <run_address>0x6716</run_address>
         <size>0x1c</size>
         <input_file_ref idref="fl-d8"/>
      </object_component>
      <object_component id="oc-6e2">
         <name>.text:free_list_remove</name>
         <load_address>0x6734</load_address>
         <run_address>0x6734</run_address>
         <size>0x1c</size>
         <input_file_ref idref="fl-e3"/>
      </object_component>
      <object_component id="oc-4c8">
         <name>.text:memccpy</name>
         <load_address>0x6750</load_address>
         <run_address>0x6750</run_address>
         <size>0x1c</size>
         <input_file_ref idref="fl-e1"/>
      </object_component>
      <object_component id="oc-453">
         <name>.text:Graphics_clearDisplayOnDisplay</name>
         <load_address>0x676c</load_address>
         <run_address>0x676c</run_address>
         <size>0x1a</size>
         <input_file_ref idref="fl-109"/>
      </object_component>
      <object_component id="oc-33f">
         <name>.text:Graphics_setBackgroundColor</name>
         <load_address>0x6786</load_address>
         <run_address>0x6786</run_address>
         <size>0x1a</size>
         <input_file_ref idref="fl-108"/>
      </object_component>
      <object_component id="oc-345">
         <name>.text:Graphics_setFont</name>
         <load_address>0x67a0</load_address>
         <run_address>0x67a0</run_address>
         <size>0x1a</size>
         <input_file_ref idref="fl-108"/>
      </object_component>
      <object_component id="oc-651">
         <name>.text:copysign</name>
         <load_address>0x67ba</load_address>
         <run_address>0x67ba</run_address>
         <size>0x1a</size>
         <input_file_ref idref="fl-ff"/>
      </object_component>
      <object_component id="oc-171">
         <name>.text:Timer_A_clearTimer</name>
         <load_address>0x67d4</load_address>
         <run_address>0x67d4</run_address>
         <size>0x18</size>
         <input_file_ref idref="fl-11c"/>
      </object_component>
      <object_component id="oc-394">
         <name>.text:_outs</name>
         <load_address>0x67ec</load_address>
         <run_address>0x67ec</run_address>
         <size>0x18</size>
         <input_file_ref idref="fl-ca"/>
      </object_component>
      <object_component id="oc-7b5">
         <name>.text:strcmp</name>
         <load_address>0x6804</load_address>
         <run_address>0x6804</run_address>
         <size>0x18</size>
         <input_file_ref idref="fl-102"/>
      </object_component>
      <object_component id="oc-621">
         <name>.text:EUSCI_A_SPI_enable</name>
         <load_address>0x681c</load_address>
         <run_address>0x681c</run_address>
         <size>0x16</size>
         <input_file_ref idref="fl-119"/>
      </object_component>
      <object_component id="oc-627">
         <name>.text:EUSCI_B_SPI_enable</name>
         <load_address>0x6832</load_address>
         <run_address>0x6832</run_address>
         <size>0x16</size>
         <input_file_ref idref="fl-119"/>
      </object_component>
      <object_component id="oc-29e">
         <name>.text:Graphics_setForegroundColor</name>
         <load_address>0x6848</load_address>
         <run_address>0x6848</run_address>
         <size>0x16</size>
         <input_file_ref idref="fl-108"/>
      </object_component>
      <object_component id="oc-3a7">
         <name>.text:Graphics_translateColorOnDisplay</name>
         <load_address>0x685e</load_address>
         <run_address>0x685e</run_address>
         <size>0x16</size>
         <input_file_ref idref="fl-109"/>
      </object_component>
      <object_component id="oc-10d">
         <name>.text:Timer_A_clearInterruptFlag</name>
         <load_address>0x6874</load_address>
         <run_address>0x6874</run_address>
         <size>0x16</size>
         <input_file_ref idref="fl-11c"/>
      </object_component>
      <object_component id="oc-cb">
         <name>.text:Timer_A_startCounter</name>
         <load_address>0x688a</load_address>
         <run_address>0x688a</run_address>
         <size>0x16</size>
         <input_file_ref idref="fl-11c"/>
      </object_component>
      <object_component id="oc-5ce">
         <name>.text:strchr</name>
         <load_address>0x68a0</load_address>
         <run_address>0x68a0</run_address>
         <size>0x16</size>
         <input_file_ref idref="fl-e4"/>
      </object_component>
      <object_component id="oc-424">
         <name>.text:PCM_getPowerState</name>
         <load_address>0x68b8</load_address>
         <run_address>0x68b8</run_address>
         <size>0x14</size>
         <input_file_ref idref="fl-117"/>
      </object_component>
      <object_component id="oc-14d">
         <name>.text:Timer_A_stopTimer</name>
         <load_address>0x68cc</load_address>
         <run_address>0x68cc</run_address>
         <size>0x14</size>
         <input_file_ref idref="fl-11c"/>
      </object_component>
      <object_component id="oc-769">
         <name>.text:strcpy</name>
         <load_address>0x68e0</load_address>
         <run_address>0x68e0</run_address>
         <size>0x14</size>
         <input_file_ref idref="fl-103"/>
      </object_component>
      <object_component id="oc-499">
         <name>.text:strlen</name>
         <load_address>0x68f4</load_address>
         <run_address>0x68f4</run_address>
         <size>0x14</size>
         <input_file_ref idref="fl-e5"/>
      </object_component>
      <object_component id="oc-34b">
         <name>.text:Graphics_clearDisplay</name>
         <load_address>0x6908</load_address>
         <run_address>0x6908</run_address>
         <size>0x12</size>
         <input_file_ref idref="fl-108"/>
      </object_component>
      <object_component id="oc-4ce">
         <name>.text:wcslen</name>
         <load_address>0x691a</load_address>
         <run_address>0x691a</run_address>
         <size>0x12</size>
         <input_file_ref idref="fl-ea"/>
      </object_component>
      <object_component id="oc-20b">
         <name>.text:ADCIsConversionRunning</name>
         <load_address>0x692c</load_address>
         <run_address>0x692c</run_address>
         <size>0x10</size>
         <input_file_ref idref="fl-111"/>
      </object_component>
      <object_component id="oc-274">
         <name>.text:Interrupt_disableMaster</name>
         <load_address>0x693c</load_address>
         <run_address>0x693c</run_address>
         <size>0x10</size>
         <input_file_ref idref="fl-116"/>
      </object_component>
      <object_component id="oc-f5">
         <name>.text:Interrupt_enableMaster</name>
         <load_address>0x694c</load_address>
         <run_address>0x694c</run_address>
         <size>0x10</size>
         <input_file_ref idref="fl-116"/>
      </object_component>
      <object_component id="oc-27a">
         <name>.text:PCM_setCoreVoltageLevel</name>
         <load_address>0x695c</load_address>
         <run_address>0x695c</run_address>
         <size>0x10</size>
         <input_file_ref idref="fl-117"/>
      </object_component>
      <object_component id="oc-42a">
         <name>.text:PCM_setPowerMode</name>
         <load_address>0x696c</load_address>
         <run_address>0x696c</run_address>
         <size>0x10</size>
         <input_file_ref idref="fl-117"/>
      </object_component>
      <object_component id="oc-1d">
         <name>.text:decompress:none:__TI_decompress_none</name>
         <load_address>0x697c</load_address>
         <run_address>0x697c</run_address>
         <size>0xe</size>
         <input_file_ref idref="fl-d9"/>
      </object_component>
      <object_component id="oc-6a">
         <name>.text</name>
         <load_address>0x698a</load_address>
         <run_address>0x698a</run_address>
         <size>0xe</size>
         <input_file_ref idref="fl-2"/>
      </object_component>
      <object_component id="oc-d7">
         <name>.text:ADC14_enableModule</name>
         <load_address>0x6998</load_address>
         <run_address>0x6998</run_address>
         <size>0xc</size>
         <input_file_ref idref="fl-111"/>
      </object_component>
      <object_component id="oc-322">
         <name>.text:CPU_cpsid</name>
         <load_address>0x69a4</load_address>
         <run_address>0x69a4</run_address>
         <size>0xc</size>
         <input_file_ref idref="fl-11e"/>
      </object_component>
      <object_component id="oc-21f">
         <name>.text:CPU_cpsie</name>
         <load_address>0x69b0</load_address>
         <run_address>0x69b0</run_address>
         <size>0xc</size>
         <input_file_ref idref="fl-11e"/>
      </object_component>
      <object_component id="oc-39a">
         <name>.text:_outc</name>
         <load_address>0x69bc</load_address>
         <run_address>0x69bc</run_address>
         <size>0xa</size>
         <input_file_ref idref="fl-ca"/>
      </object_component>
      <object_component id="oc-4d4">
         <name>.text:__aeabi_errno_addr</name>
         <load_address>0x69c8</load_address>
         <run_address>0x69c8</run_address>
         <size>0x8</size>
         <input_file_ref idref="fl-e9"/>
      </object_component>
      <object_component id="oc-a6">
         <name>.text</name>
         <load_address>0x69d0</load_address>
         <run_address>0x69d0</run_address>
         <size>0x8</size>
         <input_file_ref idref="fl-7"/>
      </object_component>
      <object_component id="oc-6b3">
         <name>.text:malloc</name>
         <load_address>0x69d8</load_address>
         <run_address>0x69d8</run_address>
         <size>0x8</size>
         <input_file_ref idref="fl-e3"/>
      </object_component>
      <object_component id="oc-3e5">
         <name>.text:CPU_wfi</name>
         <load_address>0x69e0</load_address>
         <run_address>0x69e0</run_address>
         <size>0x4</size>
         <input_file_ref idref="fl-11e"/>
      </object_component>
      <object_component id="oc-3c6">
         <name>.text:_outc</name>
         <load_address>0x69e4</load_address>
         <run_address>0x69e4</run_address>
         <size>0x4</size>
         <input_file_ref idref="fl-c8"/>
      </object_component>
      <object_component id="oc-3c0">
         <name>.text:_outs</name>
         <load_address>0x69e8</load_address>
         <run_address>0x69e8</run_address>
         <size>0x4</size>
         <input_file_ref idref="fl-c8"/>
      </object_component>
      <object_component id="oc-a0">
         <name>.text:_system_pre_init</name>
         <load_address>0x69ec</load_address>
         <run_address>0x69ec</run_address>
         <size>0x4</size>
         <input_file_ref idref="fl-f2"/>
      </object_component>
      <object_component id="oc-1ad">
         <name>.text:abort:abort</name>
         <load_address>0x69f0</load_address>
         <run_address>0x69f0</run_address>
         <size>0x4</size>
         <input_file_ref idref="fl-db"/>
      </object_component>
      <object_component id="oc-465">
         <name>.const:.string:g_pucCmss36Data</name>
         <load_address>0x69f4</load_address>
         <run_address>0x69f4</run_address>
         <size>0xe44</size>
         <input_file_ref idref="fl-10d"/>
      </object_component>
      <object_component id="oc-46b">
         <name>.const:.string:g_pucCmss24Data</name>
         <load_address>0x7838</load_address>
         <run_address>0x7838</run_address>
         <size>0x9a5</size>
         <input_file_ref idref="fl-10c"/>
      </object_component>
      <object_component id="oc-475">
         <name>.const:.string:g_pucCmss16Data</name>
         <load_address>0x81dd</load_address>
         <run_address>0x81dd</run_address>
         <size>0x6cd</size>
         <input_file_ref idref="fl-10b"/>
      </object_component>
      <object_component id="oc-47b">
         <name>.const:.string:g_pucCmss12Data</name>
         <load_address>0x88aa</load_address>
         <run_address>0x88aa</run_address>
         <size>0x514</size>
         <input_file_ref idref="fl-10a"/>
      </object_component>
      <object_component id="oc-577">
         <name>.const:.string:_ctypes_</name>
         <load_address>0x8dbe</load_address>
         <run_address>0x8dbe</run_address>
         <size>0x101</size>
         <input_file_ref idref="fl-df"/>
      </object_component>
      <object_component id="oc-36f">
         <name>.const:g_sFontCmss12</name>
         <load_address>0x8ec0</load_address>
         <run_address>0x8ec0</run_address>
         <size>0xc8</size>
         <input_file_ref idref="fl-10a"/>
      </object_component>
      <object_component id="oc-36c">
         <name>.const:g_sFontCmss16</name>
         <load_address>0x8f88</load_address>
         <run_address>0x8f88</run_address>
         <size>0xc8</size>
         <input_file_ref idref="fl-10b"/>
      </object_component>
      <object_component id="oc-360">
         <name>.const:g_sFontCmss24</name>
         <load_address>0x9050</load_address>
         <run_address>0x9050</run_address>
         <size>0xc8</size>
         <input_file_ref idref="fl-10c"/>
      </object_component>
      <object_component id="oc-35d">
         <name>.const:g_sFontCmss36</name>
         <load_address>0x9118</load_address>
         <run_address>0x9118</run_address>
         <size>0xc8</size>
         <input_file_ref idref="fl-10d"/>
      </object_component>
      <object_component id="oc-218">
         <name>.const:_ctlRegs</name>
         <load_address>0x91e0</load_address>
         <run_address>0x91e0</run_address>
         <size>0x80</size>
         <input_file_ref idref="fl-111"/>
      </object_component>
      <object_component id="oc-483">
         <name>.const:.string</name>
         <load_address>0x9260</load_address>
         <run_address>0x9260</run_address>
         <size>0x56</size>
         <input_file_ref idref="fl-6"/>
      </object_component>
      <object_component id="oc-38a">
         <name>.const:GRID_POINTS</name>
         <load_address>0x92b8</load_address>
         <run_address>0x92b8</run_address>
         <size>0x48</size>
         <input_file_ref idref="fl-6"/>
      </object_component>
      <object_component id="oc-206">
         <name>.const:GPIO_PORT_TO_BASE</name>
         <load_address>0x9300</load_address>
         <run_address>0x9300</run_address>
         <size>0x30</size>
         <input_file_ref idref="fl-114"/>
      </object_component>
      <object_component id="oc-35a">
         <name>.const:g_sCrystalfontz128x128_funcs</name>
         <load_address>0x9330</load_address>
         <run_address>0x9330</run_address>
         <size>0x20</size>
         <input_file_ref idref="fl-b"/>
      </object_component>
      <object_component id="oc-54c">
         <name>.const:$P$T0$1</name>
         <load_address>0x9350</load_address>
         <run_address>0x9350</run_address>
         <size>0x1c</size>
         <input_file_ref idref="fl-c"/>
      </object_component>
      <object_component id="oc-387">
         <name>.const:MENU_POINTS</name>
         <load_address>0x936c</load_address>
         <run_address>0x936c</run_address>
         <size>0x18</size>
         <input_file_ref idref="fl-6"/>
      </object_component>
      <object_component id="oc-177">
         <name>.const:debounceTimerConfig</name>
         <load_address>0x9384</load_address>
         <run_address>0x9384</run_address>
         <size>0x18</size>
         <input_file_ref idref="fl-a"/>
      </object_component>
      <object_component id="oc-125">
         <name>.const:continuousModeConfig</name>
         <load_address>0x939c</load_address>
         <run_address>0x939c</run_address>
         <size>0x10</size>
         <input_file_ref idref="fl-9"/>
      </object_component>
      <object_component id="oc-44c">
         <name>.const:$P$T0$1</name>
         <load_address>0x93ac</load_address>
         <run_address>0x93ac</run_address>
         <size>0x8</size>
         <input_file_ref idref="fl-b"/>
      </object_component>
      <object_component id="oc-1fc">
         <name>.const:g_pulEnRegs</name>
         <load_address>0x93b4</load_address>
         <run_address>0x93b4</run_address>
         <size>0x8</size>
         <input_file_ref idref="fl-116"/>
      </object_component>
      <object_component id="oc-7f5">
         <name>.cinit..data.load</name>
         <load_address>0x93c0</load_address>
         <run_address>0x93c0</run_address>
         <size>0x113</size>
      </object_component>
      <object_component id="oc-7f3">
         <name>__TI_handler_table</name>
         <load_address>0x94d4</load_address>
         <run_address>0x94d4</run_address>
         <size>0xc</size>
      </object_component>
      <object_component id="oc-7f6">
         <name>.cinit..bss.load</name>
         <load_address>0x94e0</load_address>
         <run_address>0x94e0</run_address>
         <size>0x8</size>
      </object_component>
      <object_component id="oc-7f4">
         <name>__TI_cinit_table</name>
         <load_address>0x94e8</load_address>
         <run_address>0x94e8</run_address>
         <size>0x10</size>
      </object_component>
      <object_component id="oc-7c7">
         <name>.binit</name>
         <load_address>0x0</load_address>
         <run_address>0x0</run_address>
         <size>0x0</size>
      </object_component>
      <object_component id="oc-1eb">
         <name>.data</name>
         <load_address>0x200006f8</load_address>
         <run_address>0x200006f8</run_address>
         <size>0x4</size>
         <input_file_ref idref="fl-3"/>
      </object_component>
      <object_component id="oc-369">
         <name>.data:sel_rectangle_on_grid</name>
         <load_address>0x20000698</load_address>
         <run_address>0x20000698</run_address>
         <size>0x10</size>
         <input_file_ref idref="fl-6"/>
      </object_component>
      <object_component id="oc-378">
         <name>.data:sel_rectangle_on_admin_menu</name>
         <load_address>0x20000688</load_address>
         <run_address>0x20000688</run_address>
         <size>0x10</size>
         <input_file_ref idref="fl-6"/>
      </object_component>
      <object_component id="oc-372">
         <name>.data</name>
         <load_address>0x200006c5</load_address>
         <run_address>0x200006c5</run_address>
         <size>0x2</size>
         <input_file_ref idref="fl-6"/>
      </object_component>
      <object_component id="oc-375">
         <name>.data:function_strings</name>
         <load_address>0x20000630</load_address>
         <run_address>0x20000630</run_address>
         <size>0x18</size>
         <input_file_ref idref="fl-6"/>
      </object_component>
      <object_component id="oc-2bd">
         <name>.data:saved_pin_user</name>
         <load_address>0x20000678</load_address>
         <run_address>0x20000678</run_address>
         <size>0x10</size>
         <input_file_ref idref="fl-8"/>
      </object_component>
      <object_component id="oc-2c3">
         <name>.data:saved_pin_admin</name>
         <load_address>0x20000668</load_address>
         <run_address>0x20000668</run_address>
         <size>0x10</size>
         <input_file_ref idref="fl-8"/>
      </object_component>
      <object_component id="oc-2ba">
         <name>.data:selected_pin_user</name>
         <load_address>0x200006a8</load_address>
         <run_address>0x200006a8</run_address>
         <size>0x10</size>
         <input_file_ref idref="fl-8"/>
      </object_component>
      <object_component id="oc-2c0">
         <name>.data</name>
         <load_address>0x200006b8</load_address>
         <run_address>0x200006b8</run_address>
         <size>0xd</size>
         <input_file_ref idref="fl-8"/>
      </object_component>
      <object_component id="oc-2cc">
         <name>.data:fsm</name>
         <load_address>0x20000568</load_address>
         <run_address>0x20000568</run_address>
         <size>0x78</size>
         <input_file_ref idref="fl-8"/>
      </object_component>
      <object_component id="oc-128">
         <name>.data</name>
         <load_address>0x200006e4</load_address>
         <run_address>0x200006e4</run_address>
         <size>0x8</size>
         <input_file_ref idref="fl-9"/>
      </object_component>
      <object_component id="oc-17a">
         <name>.data</name>
[...]
         <object_component_ref idref="oc-651"/>
      </symbol>
      <symbol id="sm-a41">
         <name>copysignl</name>
         <value>0x67bb</value>
         <object_component_ref idref="oc-651"/>
      </symbol>
      <symbol id="sm-a56">
         <name>__TI_closefile</name>
         <value>0x5399</value>
         <object_component_ref idref="oc-6f6"/>
      </symbol>
      <symbol id="sm-a79">
         <name>finddevice</name>
         <value>0x6381</value>
         <object_component_ref idref="oc-79e"/>
      </symbol>
      <symbol id="sm-a7a">
         <name>getdevice</name>
         <value>0x5f21</value>
         <object_component_ref idref="oc-776"/>
      </symbol>
      <symbol id="sm-a89">
         <name>strcmp</name>
         <value>0x6805</value>
         <object_component_ref idref="oc-7b5"/>
      </symbol>
      <symbol id="sm-a97">
         <name>strcpy</name>
         <value>0x68e1</value>
         <object_component_ref idref="oc-769"/>
      </symbol>
      <symbol id="sm-aa7">
         <name>strncpy</name>
         <value>0x6181</value>
         <object_component_ref idref="oc-798"/>
      </symbol>
      <symbol id="sm-abc">
         <name>close</name>
         <value>0x58e5</value>
         <object_component_ref idref="oc-73e"/>
      </symbol>
      <symbol id="sm-acc">
         <name>unlink</name>
         <value>0x6491</value>
         <object_component_ref idref="oc-744"/>
      </symbol>
      <symbol id="sm-b12">
         <name>Graphics_setBackgroundColor</name>
         <value>0x6787</value>
         <object_component_ref idref="oc-33f"/>
      </symbol>
      <symbol id="sm-b13">
         <name>Graphics_setFont</name>
         <value>0x67a1</value>
         <object_component_ref idref="oc-345"/>
      </symbol>
      <symbol id="sm-b14">
         <name>Graphics_initContext</name>
         <value>0x5ba5</value>
         <object_component_ref idref="oc-339"/>
      </symbol>
      <symbol id="sm-b15">
         <name>Graphics_setForegroundColor</name>
         <value>0x6849</value>
         <object_component_ref idref="oc-29e"/>
      </symbol>
      <symbol id="sm-b16">
         <name>Graphics_clearDisplay</name>
         <value>0x6909</value>
         <object_component_ref idref="oc-34b"/>
      </symbol>
      <symbol id="sm-b4b">
         <name>Graphics_clearDisplayOnDisplay</name>
         <value>0x676d</value>
         <object_component_ref idref="oc-453"/>
      </symbol>
      <symbol id="sm-b4c">
         <name>Graphics_drawPixelOnDisplay</name>
         <value>0x6439</value>
         <object_component_ref idref="oc-4f5"/>
      </symbol>
      <symbol id="sm-b4d">
         <name>Graphics_translateColorOnDisplay</name>
         <value>0x685f</value>
         <object_component_ref idref="oc-3a7"/>
      </symbol>
      <symbol id="sm-b4e">
         <name>Graphics_drawHorizontalLineOnDisplay</name>
         <value>0x6115</value>
         <object_component_ref idref="oc-3ce"/>
      </symbol>
      <symbol id="sm-b4f">
         <name>Graphics_drawVerticalLineOnDisplay</name>
         <value>0x614b</value>
         <object_component_ref idref="oc-45a"/>
      </symbol>
      <symbol id="sm-b50">
         <name>Graphics_fillRectangleOnDisplay</name>
         <value>0x66dd</value>
         <object_component_ref idref="oc-489"/>
      </symbol>
      <symbol id="sm-b62">
         <name>g_sFontCmss12</name>
         <value>0x8ec0</value>
         <object_component_ref idref="oc-36f"/>
      </symbol>
      <symbol id="sm-b74">
         <name>g_sFontCmss16</name>
         <value>0x8f88</value>
         <object_component_ref idref="oc-36c"/>
      </symbol>
      <symbol id="sm-b86">
         <name>g_sFontCmss24</name>
         <value>0x9050</value>
         <object_component_ref idref="oc-360"/>
      </symbol>
      <symbol id="sm-b98">
         <name>g_sFontCmss36</name>
         <value>0x9118</value>
         <object_component_ref idref="oc-35d"/>
      </symbol>
      <symbol id="sm-bb9">
         <name>Graphics_drawLineH</name>
         <value>0x4d05</value>
         <object_component_ref idref="oc-2b0"/>
      </symbol>
      <symbol id="sm-bba">
         <name>Graphics_drawLineV</name>
         <value>0x4da1</value>
         <object_component_ref idref="oc-351"/>
      </symbol>
      <symbol id="sm-be5">
         <name>Graphics_drawRectangle</name>
         <value>0x4c63</value>
         <object_component_ref idref="oc-363"/>
      </symbol>
      <symbol id="sm-be6">
         <name>Graphics_isPointWithinRectangle</name>
         <value>0x5bf7</value>
         <object_component_ref idref="oc-37b"/>
      </symbol>
      <symbol id="sm-be7">
         <name>Graphics_fillRectangle</name>
         <value>0x3ff1</value>
         <object_component_ref idref="oc-381"/>
      </symbol>
      <symbol id="sm-c3f">
         <name>Graphics_drawStringCentered</name>
         <value>0x5d7d</value>
         <object_component_ref idref="oc-2a4"/>
      </symbol>
      <symbol id="sm-c40">
         <name>Graphics_drawString</name>
         <value>0x2735</value>
         <object_component_ref idref="oc-3b5"/>
      </symbol>
      <symbol id="sm-c41">
         <name>Graphics_getStringWidth</name>
         <value>0x4519</value>
         <object_component_ref idref="oc-3af"/>
      </symbol>
      <symbol id="sm-d38">
         <name>ADC14_enableInterrupt</name>
         <value>0x6321</value>
         <object_component_ref idref="oc-ef"/>
      </symbol>
      <symbol id="sm-d39">
         <name>ADC14_getInterruptStatus</name>
         <value>0x63e1</value>
         <object_component_ref idref="oc-22a"/>
      </symbol>
      <symbol id="sm-d3a">
         <name>ADC14_enableSampleTimer</name>
         <value>0x61b9</value>
         <object_component_ref idref="oc-fb"/>
      </symbol>
      <symbol id="sm-d3b">
         <name>ADC14_enableConversion</name>
         <value>0x64bd</value>
         <object_component_ref idref="oc-101"/>
      </symbol>
      <symbol id="sm-d3c">
         <name>ADC14_toggleConversionTrigger</name>
         <value>0x640d</value>
         <object_component_ref idref="oc-107"/>
      </symbol>
      <symbol id="sm-d3d">
         <name>ADC14_getEnabledInterruptStatus</name>
         <value>0x60a5</value>
         <object_component_ref idref="oc-113"/>
      </symbol>
      <symbol id="sm-d3e">
         <name>ADC14_initModule</name>
         <value>0x5afd</value>
         <object_component_ref idref="oc-dd"/>
      </symbol>
      <symbol id="sm-d3f">
         <name>ADC14_configureMultiSequenceMode</name>
         <value>0x4a4d</value>
         <object_component_ref idref="oc-e3"/>
      </symbol>
      <symbol id="sm-d40">
         <name>ADC14_clearInterruptFlag</name>
         <value>0x62f1</value>
         <object_component_ref idref="oc-119"/>
      </symbol>
      <symbol id="sm-d41">
         <name>ADC14_configureConversionMemory</name>
         <value>0x4999</value>
         <object_component_ref idref="oc-e9"/>
      </symbol>
      <symbol id="sm-d42">
         <name>ADC14_enableModule</name>
         <value>0x6999</value>
         <object_component_ref idref="oc-d7"/>
      </symbol>
      <symbol id="sm-d43">
         <name>ADC14_getResult</name>
         <value>0x64e5</value>
         <object_component_ref idref="oc-11f"/>
      </symbol>
      <symbol id="sm-d72">
         <name>CS_setDCOCenteredFrequency</name>
         <value>0x61ed</value>
         <object_component_ref idref="oc-286"/>
      </symbol>
      <symbol id="sm-d73">
         <name>CS_initClockSignal</name>
         <value>0x3c89</value>
         <object_component_ref idref="oc-28c"/>
      </symbol>
      <symbol id="sm-d82">
         <name>FlashCtl_setWaitState</name>
         <value>0x5d35</value>
         <object_component_ref idref="oc-280"/>
      </symbol>
      <symbol id="sm-e1b">
         <name>GPIO_setOutputHighOnPin</name>
         <value>0x6585</value>
         <object_component_ref idref="oc-43d"/>
      </symbol>
      <symbol id="sm-e1c">
         <name>GPIO_setAsInputPinWithPullUpResistor</name>
         <value>0x599d</value>
         <object_component_ref idref="oc-141"/>
      </symbol>
      <symbol id="sm-e1d">
         <name>GPIO_getInterruptStatus</name>
         <value>0x6675</value>
         <object_component_ref idref="oc-25f"/>
      </symbol>
      <symbol id="sm-e1e">
         <name>GPIO_enableInterrupt</name>
         <value>0x655d</value>
         <object_component_ref idref="oc-147"/>
      </symbol>
      <symbol id="sm-e1f">
         <name>GPIO_getEnabledInterruptStatus</name>
         <value>0x5219</value>
         <object_component_ref idref="oc-15f"/>
      </symbol>
      <symbol id="sm-e20">
         <name>GPIO_setAsOutputPin</name>
         <value>0x5f65</value>
         <object_component_ref idref="oc-53a"/>
      </symbol>
      <symbol id="sm-e21">
         <name>GPIO_setOutputLowOnPin</name>
         <value>0x65ad</value>
         <object_component_ref idref="oc-437"/>
      </symbol>
      <symbol id="sm-e22">
         <name>GPIO_clearInterruptFlag</name>
         <value>0x650d</value>
         <object_component_ref idref="oc-165"/>
      </symbol>
      <symbol id="sm-e23">
         <name>GPIO_setAsPeripheralModuleFunctionOutputPin</name>
         <value>0x5085</value>
         <object_component_ref idref="oc-534"/>
      </symbol>
      <symbol id="sm-e24">
         <name>GPIO_getInputPinValue</name>
         <value>0x6351</value>
         <object_component_ref idref="oc-153"/>
      </symbol>
      <symbol id="sm-e25">
         <name>GPIO_setAsPeripheralModuleFunctionInputPin</name>
         <value>0x4ffd</value>
         <object_component_ref idref="oc-d1"/>
      </symbol>
      <symbol id="sm-e26">
         <name>GPIO_disableInterrupt</name>
         <value>0x6535</value>
         <object_component_ref idref="oc-16b"/>
      </symbol>
      <symbol id="sm-e56">
         <name>Interrupt_disableMaster</name>
         <value>0x693d</value>
         <object_component_ref idref="oc-274"/>
      </symbol>
      <symbol id="sm-e57">
         <name>Interrupt_enableMaster</name>
         <value>0x694d</value>
         <object_component_ref idref="oc-f5"/>
      </symbol>
      <symbol id="sm-e58">
         <name>Interrupt_enableInterrupt</name>
         <value>0x529d</value>
         <object_component_ref idref="oc-c5"/>
      </symbol>
      <symbol id="sm-ee3">
         <name>PCM_setCoreVoltageLevel</name>
         <value>0x695d</value>
         <object_component_ref idref="oc-27a"/>
      </symbol>
      <symbol id="sm-ee4">
         <name>PCM_getCoreVoltageLevel</name>
         <value>0x5885</value>
         <object_component_ref idref="oc-41e"/>
      </symbol>
      <symbol id="sm-ee5">
         <name>PCM_getPowerMode</name>
         <value>0x5941</value>
         <object_component_ref idref="oc-418"/>
      </symbol>
      <symbol id="sm-ee6">
         <name>PCM_getPowerState</name>
         <value>0x68b9</value>
         <object_component_ref idref="oc-424"/>
      </symbol>
      <symbol id="sm-ee7">
         <name>PCM_gotoLPM0</name>
         <value>0x65d5</value>
         <object_component_ref idref="oc-2c6"/>
      </symbol>
      <symbol id="sm-ee8">
         <name>PCM_setPowerMode</name>
         <value>0x696d</value>
         <object_component_ref idref="oc-42a"/>
      </symbol>
      <symbol id="sm-f28">
         <name>EUSCI_B_SPI_enable</name>
         <value>0x6833</value>
         <object_component_ref idref="oc-627"/>
      </symbol>
      <symbol id="sm-f29">
         <name>SPI_enableModule</name>
         <value>0x66fb</value>
         <object_component_ref idref="oc-546"/>
      </symbol>
      <symbol id="sm-f2a">
         <name>EUSCI_A_SPI_enable</name>
         <value>0x681d</value>
         <object_component_ref idref="oc-621"/>
      </symbol>
      <symbol id="sm-f2b">
         <name>SPI_initMaster</name>
         <value>0x4bb3</value>
         <object_component_ref idref="oc-540"/>
      </symbol>
      <symbol id="sm-f91">
         <name>Timer_A_clearCaptureCompareInterrupt</name>
         <value>0x6465</value>
         <object_component_ref idref="oc-159"/>
      </symbol>
      <symbol id="sm-f92">
         <name>Timer_A_startCounter</name>
         <value>0x688b</value>
         <object_component_ref idref="oc-cb"/>
      </symbol>
      <symbol id="sm-f93">
         <name>Timer_A_stopTimer</name>
         <value>0x68cd</value>
         <object_component_ref idref="oc-14d"/>
      </symbol>
      <symbol id="sm-f94">
         <name>Timer_A_clearTimer</name>
         <value>0x67d5</value>
         <object_component_ref idref="oc-171"/>
      </symbol>
      <symbol id="sm-f95">
         <name>Timer_A_clearInterruptFlag</name>
         <value>0x6875</value>
         <object_component_ref idref="oc-10d"/>
      </symbol>
      <symbol id="sm-f96">
         <name>Timer_A_configureUpMode</name>
         <value>0x55c1</value>
         <object_component_ref idref="oc-13b"/>
      </symbol>
      <symbol id="sm-f97">
         <name>Timer_A_configureContinuousMode</name>
         <value>0x6221</value>
         <object_component_ref idref="oc-bf"/>
      </symbol>
      <symbol id="sm-fa3">
         <name>WDT_A_holdTimer</name>
         <value>0x6699</value>
         <object_component_ref idref="oc-26e"/>
      </symbol>
      <symbol id="sm-fbd">
         <name>CPU_wfi</name>
         <value>0x69e1</value>
         <object_component_ref idref="oc-3e5"/>
      </symbol>
      <symbol id="sm-fbe">
         <name>CPU_cpsie</name>
         <value>0x69b1</value>
         <object_component_ref idref="oc-21f"/>
      </symbol>
      <symbol id="sm-fbf">
         <name>CPU_cpsid</name>
         <value>0x69a5</value>
         <object_component_ref idref="oc-322"/>
      </symbol>
      <symbol id="sm-fc0">
         <name>__TI_static_base__</name>
         <value>0x0</value>
      </symbol>
      <symbol id="sm-fc3">
         <name>__mpu_init</name>
         <value>0x0</value>
      </symbol>
      <symbol id="sm-fc4">
         <name>_system_post_cinit</name>
         <value>0x0</value>
      </symbol>
      <symbol id="sm-fc5">
         <name>NMI_Handler</name>
         <value>0x6997</value>
      </symbol>
      <symbol id="sm-fc6">
         <name>HardFault_Handler</name>
         <value>0x6997</value>
      </symbol>
      <symbol id="sm-fc7">
         <name>MemManage_Handler</name>
         <value>0x6997</value>
      </symbol>
      <symbol id="sm-fc8">
         <name>BusFault_Handler</name>
         <value>0x6997</value>
      </symbol>
      <symbol id="sm-fc9">
         <name>UsageFault_Handler</name>
         <value>0x6997</value>
      </symbol>
      <symbol id="sm-fca">
         <name>SVC_Handler</name>
         <value>0x6997</value>
      </symbol>
      <symbol id="sm-fcb">
         <name>DebugMon_Handler</name>
         <value>0x6997</value>
      </symbol>
      <symbol id="sm-fcc">
         <name>PendSV_Handler</name>
         <value>0x6997</value>
      </symbol>
      <symbol id="sm-fcd">
         <name>SysTick_Handler</name>
         <value>0x6997</value>
      </symbol>
      <symbol id="sm-fce">
         <name>PSS_IRQHandler</name>
         <value>0x6997</value>
      </symbol>
      <symbol id="sm-fcf">
         <name>CS_IRQHandler</name>
         <value>0x6997</value>
      </symbol>
      <symbol id="sm-fd0">
         <name>PCM_IRQHandler</name>
         <value>0x6997</value>
      </symbol>
      <symbol id="sm-fd1">
         <name>WDT_A_IRQHandler</name>
         <value>0x6997</value>
      </symbol>
      <symbol id="sm-fd2">
         <name>FPU_IRQHandler</name>
         <value>0x6997</value>
      </symbol>
      <symbol id="sm-fd3">
         <name>FLCTL_IRQHandler</name>
         <value>0x6997</value>
      </symbol>
      <symbol id="sm-fd4">
         <name>COMP_E0_IRQHandler</name>
         <value>0x6997</value>
      </symbol>
      <symbol id="sm-fd5">
         <name>COMP_E1_IRQHandler</name>
         <value>0x6997</value>
      </symbol>
      <symbol id="sm-fd6">
         <name>TA0_0_IRQHandler</name>
         <value>0x6997</value>
      </symbol>
      <symbol id="sm-fd7">
         <name>TA0_N_IRQHandler</name>
         <value>0x3c0d</value>
      </symbol>
      <symbol id="sm-fd8">
         <name>TA1_0_IRQHandler</name>
         <value>0x465f</value>
      </symbol>
      <symbol id="sm-fd9">
         <name>TA1_N_IRQHandler</name>
         <value>0x6997</value>
      </symbol>
      <symbol id="sm-fda">
         <name>TA2_0_IRQHandler</name>
         <value>0x6997</value>
      </symbol>
      <symbol id="sm-fdb">
         <name>TA2_N_IRQHandler</name>
         <value>0x6997</value>
      </symbol>
      <symbol id="sm-fdc">
         <name>TA3_0_IRQHandler</name>
         <value>0x6997</value>
      </symbol>
      <symbol id="sm-fdd">
         <name>TA3_N_IRQHandler</name>
         <value>0x6997</value>
      </symbol>
      <symbol id="sm-fde">
         <name>EUSCIA0_IRQHandler</name>
         <value>0x6997</value>
      </symbol>
      <symbol id="sm-fdf">
         <name>EUSCIA1_IRQHandler</name>
         <value>0x6997</value>
      </symbol>
      <symbol id="sm-fe0">
         <name>EUSCIA2_IRQHandler</name>
         <value>0x6997</value>
      </symbol>
      <symbol id="sm-fe1">
         <name>EUSCIA3_IRQHandler</name>
         <value>0x6997</value>
      </symbol>
      <symbol id="sm-fe2">
         <name>EUSCIB0_IRQHandler</name>
         <value>0x6997</value>
      </symbol>
      <symbol id="sm-fe3">
         <name>EUSCIB1_IRQHandler</name>
         <value>0x6997</value>
      </symbol>
      <symbol id="sm-fe4">
         <name>EUSCIB2_IRQHandler</name>
         <value>0x6997</value>
      </symbol>
      <symbol id="sm-fe5">
         <name>EUSCIB3_IRQHandler</name>
         <value>0x6997</value>
      </symbol>
      <symbol id="sm-fe6">
         <name>ADC14_IRQHandler</name>
         <value>0x3c31</value>
      </symbol>
      <symbol id="sm-fe7">
         <name>T32_INT1_IRQHandler</name>
         <value>0x6997</value>
      </symbol>
      <symbol id="sm-fe8">
         <name>T32_INT2_IRQHandler</name>
         <value>0x6997</value>
      </symbol>
      <symbol id="sm-fe9">
         <name>T32_INTC_IRQHandler</name>
         <value>0x6997</value>
      </symbol>
      <symbol id="sm-fea">
         <name>AES256_IRQHandler</name>
         <value>0x6997</value>
      </symbol>
      <symbol id="sm-feb">
         <name>RTC_C_IRQHandler</name>
         <value>0x6997</value>
      </symbol>
      <symbol id="sm-fec">
         <name>DMA_ERR_IRQHandler</name>
         <value>0x6997</value>
      </symbol>
      <symbol id="sm-fed">
         <name>DMA_INT3_IRQHandler</name>
         <value>0x6997</value>
      </symbol>
      <symbol id="sm-fee">
         <name>DMA_INT2_IRQHandler</name>
         <value>0x6997</value>
      </symbol>
      <symbol id="sm-fef">
         <name>DMA_INT1_IRQHandler</name>
         <value>0x6997</value>
      </symbol>
      <symbol id="sm-ff0">
         <name>DMA_INT0_IRQHandler</name>
         <value>0x6997</value>
      </symbol>
      <symbol id="sm-ff1">
         <name>PORT1_IRQHandler</name>
         <value>0x6997</value>
      </symbol>
      <symbol id="sm-ff2">
         <name>PORT2_IRQHandler</name>
         <value>0x6997</value>
      </symbol>
      <symbol id="sm-ff3">
         <name>PORT3_IRQHandler</name>
         <value>0x46cf</value>
      </symbol>
      <symbol id="sm-ff4">
         <name>PORT4_IRQHandler</name>
         <value>0x6997</value>
      </symbol>
      <symbol id="sm-ff5">
         <name>PORT5_IRQHandler</name>
         <value>0x46a1</value>
      </symbol>
      <symbol id="sm-ff6">
         <name>PORT6_IRQHandler</name>
         <value>0x6997</value>
      </symbol>
      <symbol id="sm-ff7">
         <name>remove</name>
         <value>0x6491</value>
      </symbol>
   </symbol_table>
   <title>Link successful</title>
</link_info>
